<!doctype html public "-//w3c//dtd html 4.0 transitional//en">
<html><head>
<title>Static Call Graph - [CORE\CORE.axf]</title></head>
<body><HR>
<H1>Static Call Graph for image CORE\CORE.axf</H1><HR>
<BR><P>#&#060CALLGRAPH&#062# ARM Linker, 6230001: Last Updated: Sun Aug 16 23:11:50 2026
<BR><P>
<H3>Maximum Stack Usage =        624 bytes + Unknown(Cycles, Untraceable Function Pointers)</H3><H3>
Call chain for Maximum Stack Depth:</H3>
main &rArr; MX_ADC2_Init &rArr; HAL_ADC_Init &rArr; HAL_ADC_MspInit &rArr; HAL_RCCEx_PeriphCLKConfig &rArr; RCCEx_PLL3_Config
<P>
<H3>
Mutually Recursive functions
</H3> <LI><a href="#[12]">SecureFault_Handler</a>&nbsp;&nbsp;&nbsp;&rArr;&nbsp;&nbsp;&nbsp;<a href="#[12]">SecureFault_Handler</a><BR>
 <LI><a href="#[3b]">ADC1_IRQHandler</a>&nbsp;&nbsp;&nbsp;&rArr;&nbsp;&nbsp;&nbsp;<a href="#[3b]">ADC1_IRQHandler</a><BR>
</UL>
<P>
<H3>
Function Pointers
</H3><UL>
 <LI><a href="#[3b]">ADC1_IRQHandler</a> from startup_stm32h563xx.o(.text) referenced from startup_stm32h563xx.o(RESET)
 <LI><a href="#[5b]">ADC2_IRQHandler</a> from startup_stm32h563xx.o(.text) referenced from startup_stm32h563xx.o(RESET)
 <LI><a href="#[a1]">APP_FDCAN_Task</a> from app_fdcan.o(.text.APP_FDCAN_Task) referenced 2 times from drvexo_scheduler.o(.text.Scheduler_Init)
 <LI><a href="#[a3]">APP_LED_TASK</a> from app_led.o(.text.APP_LED_TASK) referenced 2 times from drvexo_scheduler.o(.text.Scheduler_Init)
 <LI><a href="#[a4]">APP_LowPower_Task</a> from app_lowpower.o(.text.APP_LowPower_Task) referenced 2 times from drvexo_scheduler.o(.text.Scheduler_Init)
 <LI><a href="#[a2]">APP_Voice_Task</a> from app_voice.o(.text.APP_Voice_Task) referenced 2 times from drvexo_scheduler.o(.text.Scheduler_Init)
 <LI><a href="#[10]">BusFault_Handler</a> from stm32h5xx_it.o(.text.BusFault_Handler) referenced from startup_stm32h563xx.o(RESET)
 <LI><a href="#[8a]">CEC_IRQHandler</a> from startup_stm32h563xx.o(.text) referenced from startup_stm32h563xx.o(RESET)
 <LI><a href="#[85]">CORDIC_IRQHandler</a> from startup_stm32h563xx.o(.text) referenced from startup_stm32h563xx.o(RESET)
 <LI><a href="#[61]">CRS_IRQHandler</a> from startup_stm32h563xx.o(.text) referenced from startup_stm32h563xx.o(RESET)
 <LI><a href="#[3c]">DAC1_IRQHandler</a> from startup_stm32h563xx.o(.text) referenced from startup_stm32h563xx.o(RESET)
 <LI><a href="#[7f]">DCACHE1_IRQHandler</a> from startup_stm32h563xx.o(.text) referenced from startup_stm32h563xx.o(RESET)
 <LI><a href="#[82]">DCMI_PSSI_IRQHandler</a> from startup_stm32h563xx.o(.text) referenced from startup_stm32h563xx.o(RESET)
 <LI><a href="#[87]">DTS_IRQHandler</a> from startup_stm32h563xx.o(.text) referenced from startup_stm32h563xx.o(RESET)
 <LI><a href="#[14]">DebugMon_Handler</a> from stm32h5xx_it.o(.text.DebugMon_Handler) referenced from startup_stm32h563xx.o(RESET)
 <LI><a href="#[80]">ETH_IRQHandler</a> from startup_stm32h563xx.o(.text) referenced from startup_stm32h563xx.o(RESET)
 <LI><a href="#[81]">ETH_WKUP_IRQHandler</a> from startup_stm32h563xx.o(.text) referenced from startup_stm32h563xx.o(RESET)
 <LI><a href="#[22]">EXTI0_IRQHandler</a> from startup_stm32h563xx.o(.text) referenced from startup_stm32h563xx.o(RESET)
 <LI><a href="#[2c]">EXTI10_IRQHandler</a> from startup_stm32h563xx.o(.text) referenced from startup_stm32h563xx.o(RESET)
 <LI><a href="#[2d]">EXTI11_IRQHandler</a> from startup_stm32h563xx.o(.text) referenced from startup_stm32h563xx.o(RESET)
 <LI><a href="#[2e]">EXTI12_IRQHandler</a> from startup_stm32h563xx.o(.text) referenced from startup_stm32h563xx.o(RESET)
 <LI><a href="#[2f]">EXTI13_IRQHandler</a> from startup_stm32h563xx.o(.text) referenced from startup_stm32h563xx.o(RESET)
 <LI><a href="#[30]">EXTI14_IRQHandler</a> from startup_stm32h563xx.o(.text) referenced from startup_stm32h563xx.o(RESET)
 <LI><a href="#[31]">EXTI15_IRQHandler</a> from startup_stm32h563xx.o(.text) referenced from startup_stm32h563xx.o(RESET)
 <LI><a href="#[23]">EXTI1_IRQHandler</a> from startup_stm32h563xx.o(.text) referenced from startup_stm32h563xx.o(RESET)
 <LI><a href="#[24]">EXTI2_IRQHandler</a> from startup_stm32h563xx.o(.text) referenced from startup_stm32h563xx.o(RESET)
 <LI><a href="#[25]">EXTI3_IRQHandler</a> from startup_stm32h563xx.o(.text) referenced from startup_stm32h563xx.o(RESET)
 <LI><a href="#[26]">EXTI4_IRQHandler</a> from stm32h5xx_it.o(.text.EXTI4_IRQHandler) referenced from startup_stm32h563xx.o(RESET)
 <LI><a href="#[27]">EXTI5_IRQHandler</a> from startup_stm32h563xx.o(.text) referenced from startup_stm32h563xx.o(RESET)
 <LI><a href="#[28]">EXTI6_IRQHandler</a> from startup_stm32h563xx.o(.text) referenced from startup_stm32h563xx.o(RESET)
 <LI><a href="#[29]">EXTI7_IRQHandler</a> from startup_stm32h563xx.o(.text) referenced from startup_stm32h563xx.o(RESET)
 <LI><a href="#[2a]">EXTI8_IRQHandler</a> from startup_stm32h563xx.o(.text) referenced from startup_stm32h563xx.o(RESET)
 <LI><a href="#[2b]">EXTI9_IRQHandler</a> from startup_stm32h563xx.o(.text) referenced from startup_stm32h563xx.o(RESET)
 <LI><a href="#[3d]">FDCAN1_IT0_IRQHandler</a> from stm32h5xx_it.o(.text.FDCAN1_IT0_IRQHandler) referenced from startup_stm32h563xx.o(RESET)
 <LI><a href="#[3e]">FDCAN1_IT1_IRQHandler</a> from stm32h5xx_it.o(.text.FDCAN1_IT1_IRQHandler) referenced from startup_stm32h563xx.o(RESET)
 <LI><a href="#[83]">FDCAN2_IT0_IRQHandler</a> from startup_stm32h563xx.o(.text) referenced from startup_stm32h563xx.o(RESET)
 <LI><a href="#[84]">FDCAN2_IT1_IRQHandler</a> from startup_stm32h563xx.o(.text) referenced from startup_stm32h563xx.o(RESET)
 <LI><a href="#[1d]">FLASH_IRQHandler</a> from startup_stm32h563xx.o(.text) referenced from startup_stm32h563xx.o(RESET)
 <LI><a href="#[1e]">FLASH_S_IRQHandler</a> from startup_stm32h563xx.o(.text) referenced from startup_stm32h563xx.o(RESET)
 <LI><a href="#[86]">FMAC_IRQHandler</a> from startup_stm32h563xx.o(.text) referenced from startup_stm32h563xx.o(RESET)
 <LI><a href="#[63]">FMC_IRQHandler</a> from startup_stm32h563xx.o(.text) referenced from startup_stm32h563xx.o(RESET)
 <LI><a href="#[7d]">FPU_IRQHandler</a> from startup_stm32h563xx.o(.text) referenced from startup_stm32h563xx.o(RESET)
 <LI><a href="#[32]">GPDMA1_Channel0_IRQHandler</a> from startup_stm32h563xx.o(.text) referenced from startup_stm32h563xx.o(RESET)
 <LI><a href="#[33]">GPDMA1_Channel1_IRQHandler</a> from startup_stm32h563xx.o(.text) referenced from startup_stm32h563xx.o(RESET)
 <LI><a href="#[34]">GPDMA1_Channel2_IRQHandler</a> from stm32h5xx_it.o(.text.GPDMA1_Channel2_IRQHandler) referenced from startup_stm32h563xx.o(RESET)
 <LI><a href="#[35]">GPDMA1_Channel3_IRQHandler</a> from startup_stm32h563xx.o(.text) referenced from startup_stm32h563xx.o(RESET)
 <LI><a href="#[36]">GPDMA1_Channel4_IRQHandler</a> from startup_stm32h563xx.o(.text) referenced from startup_stm32h563xx.o(RESET)
 <LI><a href="#[37]">GPDMA1_Channel5_IRQHandler</a> from startup_stm32h563xx.o(.text) referenced from startup_stm32h563xx.o(RESET)
 <LI><a href="#[38]">GPDMA1_Channel6_IRQHandler</a> from startup_stm32h563xx.o(.text) referenced from startup_stm32h563xx.o(RESET)
 <LI><a href="#[39]">GPDMA1_Channel7_IRQHandler</a> from startup_stm32h563xx.o(.text) referenced from startup_stm32h563xx.o(RESET)
 <LI><a href="#[70]">GPDMA2_Channel0_IRQHandler</a> from startup_stm32h563xx.o(.text) referenced from startup_stm32h563xx.o(RESET)
 <LI><a href="#[71]">GPDMA2_Channel1_IRQHandler</a> from startup_stm32h563xx.o(.text) referenced from startup_stm32h563xx.o(RESET)
 <LI><a href="#[72]">GPDMA2_Channel2_IRQHandler</a> from startup_stm32h563xx.o(.text) referenced from startup_stm32h563xx.o(RESET)
 <LI><a href="#[73]">GPDMA2_Channel3_IRQHandler</a> from startup_stm32h563xx.o(.text) referenced from startup_stm32h563xx.o(RESET)
 <LI><a href="#[74]">GPDMA2_Channel4_IRQHandler</a> from startup_stm32h563xx.o(.text) referenced from startup_stm32h563xx.o(RESET)
 <LI><a href="#[75]">GPDMA2_Channel5_IRQHandler</a> from startup_stm32h563xx.o(.text) referenced from startup_stm32h563xx.o(RESET)
 <LI><a href="#[76]">GPDMA2_Channel6_IRQHandler</a> from startup_stm32h563xx.o(.text) referenced from startup_stm32h563xx.o(RESET)
 <LI><a href="#[77]">GPDMA2_Channel7_IRQHandler</a> from startup_stm32h563xx.o(.text) referenced from startup_stm32h563xx.o(RESET)
 <LI><a href="#[1f]">GTZC_IRQHandler</a> from startup_stm32h563xx.o(.text) referenced from startup_stm32h563xx.o(RESET)
 <LI><a href="#[89]">HASH_IRQHandler</a> from startup_stm32h563xx.o(.text) referenced from startup_stm32h563xx.o(RESET)
 <LI><a href="#[e]">HardFault_Handler</a> from stm32h5xx_it.o(.text.HardFault_Handler) referenced from startup_stm32h563xx.o(RESET)
 <LI><a href="#[4a]">I2C1_ER_IRQHandler</a> from startup_stm32h563xx.o(.text) referenced from startup_stm32h563xx.o(RESET)
 <LI><a href="#[49]">I2C1_EV_IRQHandler</a> from startup_stm32h563xx.o(.text) referenced from startup_stm32h563xx.o(RESET)
 <LI><a href="#[4c]">I2C2_ER_IRQHandler</a> from startup_stm32h563xx.o(.text) referenced from startup_stm32h563xx.o(RESET)
 <LI><a href="#[4b]">I2C2_EV_IRQHandler</a> from startup_stm32h563xx.o(.text) referenced from startup_stm32h563xx.o(RESET)
 <LI><a href="#[67]">I2C3_ER_IRQHandler</a> from startup_stm32h563xx.o(.text) referenced from startup_stm32h563xx.o(RESET)
 <LI><a href="#[66]">I2C3_EV_IRQHandler</a> from startup_stm32h563xx.o(.text) referenced from startup_stm32h563xx.o(RESET)
 <LI><a href="#[91]">I2C4_ER_IRQHandler</a> from startup_stm32h563xx.o(.text) referenced from startup_stm32h563xx.o(RESET)
 <LI><a href="#[90]">I2C4_EV_IRQHandler</a> from startup_stm32h563xx.o(.text) referenced from startup_stm32h563xx.o(RESET)
 <LI><a href="#[8f]">I3C1_ER_IRQHandler</a> from startup_stm32h563xx.o(.text) referenced from startup_stm32h563xx.o(RESET)
 <LI><a href="#[8e]">I3C1_EV_IRQHandler</a> from startup_stm32h563xx.o(.text) referenced from startup_stm32h563xx.o(RESET)
 <LI><a href="#[7e]">ICACHE_IRQHandler</a> from startup_stm32h563xx.o(.text) referenced from startup_stm32h563xx.o(RESET)
 <LI><a href="#[9e]">IMU_Data_Sub_Task</a> from app_ism6dso.o(.text.IMU_Data_Sub_Task) referenced 2 times from drvexo_scheduler.o(.text.Scheduler_Init)
 <LI><a href="#[9d]">IMU_Data_Task</a> from app_ism6dso.o(.text.IMU_Data_Task) referenced 2 times from drvexo_scheduler.o(.text.Scheduler_Init)
 <LI><a href="#[9f]">IMU_Updata_Task</a> from drvexo_imu.o(.text.IMU_Updata_Task) referenced 2 times from drvexo_scheduler.o(.text.Scheduler_Init)
 <LI><a href="#[3a]">IWDG_IRQHandler</a> from startup_stm32h563xx.o(.text) referenced from startup_stm32h563xx.o(RESET)
 <LI><a href="#[a0]">LPS27HHTW_Task</a> from app_lps27hhtw.o(.text.LPS27HHTW_Task) referenced 2 times from drvexo_scheduler.o(.text.Scheduler_Init)
 <LI><a href="#[56]">LPTIM1_IRQHandler</a> from startup_stm32h563xx.o(.text) referenced from startup_stm32h563xx.o(RESET)
 <LI><a href="#[5c]">LPTIM2_IRQHandler</a> from startup_stm32h563xx.o(.text) referenced from startup_stm32h563xx.o(RESET)
 <LI><a href="#[92]">LPTIM3_IRQHandler</a> from startup_stm32h563xx.o(.text) referenced from startup_stm32h563xx.o(RESET)
 <LI><a href="#[93]">LPTIM4_IRQHandler</a> from startup_stm32h563xx.o(.text) referenced from startup_stm32h563xx.o(RESET)
 <LI><a href="#[94]">LPTIM5_IRQHandler</a> from startup_stm32h563xx.o(.text) referenced from startup_stm32h563xx.o(RESET)
 <LI><a href="#[95]">LPTIM6_IRQHandler</a> from startup_stm32h563xx.o(.text) referenced from startup_stm32h563xx.o(RESET)
 <LI><a href="#[55]">LPUART1_IRQHandler</a> from startup_stm32h563xx.o(.text) referenced from startup_stm32h563xx.o(RESET)
 <LI><a href="#[f]">MemManage_Handler</a> from stm32h5xx_it.o(.text.MemManage_Handler) referenced from startup_stm32h563xx.o(RESET)
 <LI><a href="#[d]">NMI_Handler</a> from stm32h5xx_it.o(.text.NMI_Handler) referenced from startup_stm32h563xx.o(RESET)
 <LI><a href="#[64]">OCTOSPI1_IRQHandler</a> from startup_stm32h563xx.o(.text) referenced from startup_stm32h563xx.o(RESET)
 <LI><a href="#[18]">PVD_AVD_IRQHandler</a> from startup_stm32h563xx.o(.text) referenced from startup_stm32h563xx.o(RESET)
 <LI><a href="#[15]">PendSV_Handler</a> from stm32h5xx_it.o(.text.PendSV_Handler) referenced from startup_stm32h563xx.o(RESET)
 <LI><a href="#[1c]">RAMCFG_IRQHandler</a> from startup_stm32h563xx.o(.text) referenced from startup_stm32h563xx.o(RESET)
 <LI><a href="#[20]">RCC_IRQHandler</a> from startup_stm32h563xx.o(.text) referenced from startup_stm32h563xx.o(RESET)
 <LI><a href="#[21]">RCC_S_IRQHandler</a> from startup_stm32h563xx.o(.text) referenced from startup_stm32h563xx.o(RESET)
 <LI><a href="#[88]">RNG_IRQHandler</a> from startup_stm32h563xx.o(.text) referenced from startup_stm32h563xx.o(RESET)
 <LI><a href="#[19]">RTC_IRQHandler</a> from startup_stm32h563xx.o(.text) referenced from startup_stm32h563xx.o(RESET)
 <LI><a href="#[1a]">RTC_S_IRQHandler</a> from startup_stm32h563xx.o(.text) referenced from startup_stm32h563xx.o(RESET)
 <LI><a href="#[c]">Reset_Handler</a> from startup_stm32h563xx.o(.text) referenced from startup_stm32h563xx.o(RESET)
 <LI><a href="#[6e]">SAI1_IRQHandler</a> from startup_stm32h563xx.o(.text) referenced from startup_stm32h563xx.o(RESET)
 <LI><a href="#[6f]">SAI2_IRQHandler</a> from startup_stm32h563xx.o(.text) referenced from startup_stm32h563xx.o(RESET)
 <LI><a href="#[65]">SDMMC1_IRQHandler</a> from startup_stm32h563xx.o(.text) referenced from startup_stm32h563xx.o(RESET)
 <LI><a href="#[7c]">SDMMC2_IRQHandler</a> from startup_stm32h563xx.o(.text) referenced from startup_stm32h563xx.o(RESET)
 <LI><a href="#[4d]">SPI1_IRQHandler</a> from startup_stm32h563xx.o(.text) referenced from startup_stm32h563xx.o(RESET)
 <LI><a href="#[4e]">SPI2_IRQHandler</a> from startup_stm32h563xx.o(.text) referenced from startup_stm32h563xx.o(RESET)
 <LI><a href="#[4f]">SPI3_IRQHandler</a> from startup_stm32h563xx.o(.text) referenced from startup_stm32h563xx.o(RESET)
 <LI><a href="#[68]">SPI4_IRQHandler</a> from startup_stm32h563xx.o(.text) referenced from startup_stm32h563xx.o(RESET)
 <LI><a href="#[69]">SPI5_IRQHandler</a> from startup_stm32h563xx.o(.text) referenced from startup_stm32h563xx.o(RESET)
 <LI><a href="#[6a]">SPI6_IRQHandler</a> from startup_stm32h563xx.o(.text) referenced from startup_stm32h563xx.o(RESET)
 <LI><a href="#[13]">SVC_Handler</a> from stm32h5xx_it.o(.text.SVC_Handler) referenced from startup_stm32h563xx.o(RESET)
 <LI><a href="#[12]">SecureFault_Handler</a> from startup_stm32h563xx.o(.text) referenced from startup_stm32h563xx.o(RESET)
 <LI><a href="#[16]">SysTick_Handler</a> from stm32h5xx_it.o(.text.SysTick_Handler) referenced from startup_stm32h563xx.o(RESET)
 <LI><a href="#[97]">SystemInit</a> from system_stm32h5xx.o(.text.SystemInit) referenced from startup_stm32h563xx.o(.text)
 <LI><a href="#[1b]">TAMP_IRQHandler</a> from startup_stm32h563xx.o(.text) referenced from startup_stm32h563xx.o(RESET)
 <LI><a href="#[8b]">TIM12_IRQHandler</a> from startup_stm32h563xx.o(.text) referenced from startup_stm32h563xx.o(RESET)
 <LI><a href="#[8c]">TIM13_IRQHandler</a> from startup_stm32h563xx.o(.text) referenced from startup_stm32h563xx.o(RESET)
 <LI><a href="#[8d]">TIM14_IRQHandler</a> from startup_stm32h563xx.o(.text) referenced from startup_stm32h563xx.o(RESET)
 <LI><a href="#[5d]">TIM15_IRQHandler</a> from startup_stm32h563xx.o(.text) referenced from startup_stm32h563xx.o(RESET)
 <LI><a href="#[5e]">TIM16_IRQHandler</a> from startup_stm32h563xx.o(.text) referenced from startup_stm32h563xx.o(RESET)
 <LI><a href="#[5f]">TIM17_IRQHandler</a> from startup_stm32h563xx.o(.text) referenced from startup_stm32h563xx.o(RESET)
 <LI><a href="#[3f]">TIM1_BRK_IRQHandler</a> from startup_stm32h563xx.o(.text) referenced from startup_stm32h563xx.o(RESET)
 <LI><a href="#[42]">TIM1_CC_IRQHandler</a> from startup_stm32h563xx.o(.text) referenced from startup_stm32h563xx.o(RESET)
 <LI><a href="#[41]">TIM1_TRG_COM_IRQHandler</a> from startup_stm32h563xx.o(.text) referenced from startup_stm32h563xx.o(RESET)
 <LI><a href="#[40]">TIM1_UP_IRQHandler</a> from startup_stm32h563xx.o(.text) referenced from startup_stm32h563xx.o(RESET)
 <LI><a href="#[43]">TIM2_IRQHandler</a> from startup_stm32h563xx.o(.text) referenced from startup_stm32h563xx.o(RESET)
 <LI><a href="#[44]">TIM3_IRQHandler</a> from startup_stm32h563xx.o(.text) referenced from startup_stm32h563xx.o(RESET)
 <LI><a href="#[45]">TIM4_IRQHandler</a> from startup_stm32h563xx.o(.text) referenced from startup_stm32h563xx.o(RESET)
 <LI><a href="#[46]">TIM5_IRQHandler</a> from startup_stm32h563xx.o(.text) referenced from startup_stm32h563xx.o(RESET)
 <LI><a href="#[47]">TIM6_IRQHandler</a> from startup_stm32h563xx.o(.text) referenced from startup_stm32h563xx.o(RESET)
 <LI><a href="#[48]">TIM7_IRQHandler</a> from stm32h5xx_it.o(.text.TIM7_IRQHandler) referenced from startup_stm32h563xx.o(RESET)
 <LI><a href="#[57]">TIM8_BRK_IRQHandler</a> from startup_stm32h563xx.o(.text) referenced from startup_stm32h563xx.o(RESET)
 <LI><a href="#[5a]">TIM8_CC_IRQHandler</a> from startup_stm32h563xx.o(.text) referenced from startup_stm32h563xx.o(RESET)
 <LI><a href="#[59]">TIM8_TRG_COM_IRQHandler</a> from startup_stm32h563xx.o(.text) referenced from startup_stm32h563xx.o(RESET)
 <LI><a href="#[58]">TIM8_UP_IRQHandler</a> from startup_stm32h563xx.o(.text) referenced from startup_stm32h563xx.o(RESET)
 <LI><a href="#[7b]">UART12_IRQHandler</a> from startup_stm32h563xx.o(.text) referenced from startup_stm32h563xx.o(RESET)
 <LI><a href="#[53]">UART4_IRQHandler</a> from startup_stm32h563xx.o(.text) referenced from startup_stm32h563xx.o(RESET)
 <LI><a href="#[54]">UART5_IRQHandler</a> from startup_stm32h563xx.o(.text) referenced from startup_stm32h563xx.o(RESET)
 <LI><a href="#[78]">UART7_IRQHandler</a> from startup_stm32h563xx.o(.text) referenced from startup_stm32h563xx.o(RESET)
 <LI><a href="#[79]">UART8_IRQHandler</a> from startup_stm32h563xx.o(.text) referenced from startup_stm32h563xx.o(RESET)
 <LI><a href="#[7a]">UART9_IRQHandler</a> from startup_stm32h563xx.o(.text) referenced from startup_stm32h563xx.o(RESET)
 <LI><a href="#[99]">UART_DMAAbortOnError</a> from stm32h5xx_hal_uart.o(.text.UART_DMAAbortOnError) referenced 2 times from stm32h5xx_hal_uart.o(.text.HAL_UART_IRQHandler)
 <LI><a href="#[a5]">UART_RxISR_16BIT</a> from stm32h5xx_hal_uart.o(.text.UART_RxISR_16BIT) referenced 2 times from stm32h5xx_hal_uart.o(.text.UART_RxISR_16BIT_FIFOEN)
 <LI><a href="#[a5]">UART_RxISR_16BIT</a> from stm32h5xx_hal_uart.o(.text.UART_RxISR_16BIT) referenced 2 times from stm32h5xx_hal_uart.o(.text.UART_Start_Receive_IT)
 <LI><a href="#[a7]">UART_RxISR_16BIT_FIFOEN</a> from stm32h5xx_hal_uart.o(.text.UART_RxISR_16BIT_FIFOEN) referenced 2 times from stm32h5xx_hal_uart.o(.text.UART_Start_Receive_IT)
 <LI><a href="#[a6]">UART_RxISR_8BIT</a> from stm32h5xx_hal_uart.o(.text.UART_RxISR_8BIT) referenced 2 times from stm32h5xx_hal_uart.o(.text.UART_RxISR_8BIT_FIFOEN)
 <LI><a href="#[a6]">UART_RxISR_8BIT</a> from stm32h5xx_hal_uart.o(.text.UART_RxISR_8BIT) referenced 2 times from stm32h5xx_hal_uart.o(.text.UART_Start_Receive_IT)
 <LI><a href="#[a8]">UART_RxISR_8BIT_FIFOEN</a> from stm32h5xx_hal_uart.o(.text.UART_RxISR_8BIT_FIFOEN) referenced 2 times from stm32h5xx_hal_uart.o(.text.UART_Start_Receive_IT)
 <LI><a href="#[62]">UCPD1_IRQHandler</a> from startup_stm32h563xx.o(.text) referenced from startup_stm32h563xx.o(RESET)
 <LI><a href="#[6c]">USART10_IRQHandler</a> from startup_stm32h563xx.o(.text) referenced from startup_stm32h563xx.o(RESET)
 <LI><a href="#[6d]">USART11_IRQHandler</a> from startup_stm32h563xx.o(.text) referenced from startup_stm32h563xx.o(RESET)
 <LI><a href="#[50]">USART1_IRQHandler</a> from stm32h5xx_it.o(.text.USART1_IRQHandler) referenced from startup_stm32h563xx.o(RESET)
 <LI><a href="#[51]">USART2_IRQHandler</a> from startup_stm32h563xx.o(.text) referenced from startup_stm32h563xx.o(RESET)
 <LI><a href="#[52]">USART3_IRQHandler</a> from startup_stm32h563xx.o(.text) referenced from startup_stm32h563xx.o(RESET)
 <LI><a href="#[6b]">USART6_IRQHandler</a> from startup_stm32h563xx.o(.text) referenced from startup_stm32h563xx.o(RESET)
 <LI><a href="#[60]">USB_DRD_FS_IRQHandler</a> from startup_stm32h563xx.o(.text) referenced from startup_stm32h563xx.o(RESET)
 <LI><a href="#[11]">UsageFault_Handler</a> from stm32h5xx_it.o(.text.UsageFault_Handler) referenced from startup_stm32h563xx.o(RESET)
 <LI><a href="#[17]">WWDG_IRQHandler</a> from startup_stm32h563xx.o(.text) referenced from startup_stm32h563xx.o(RESET)
 <LI><a href="#[98]">__main</a> from entry.o(.ARM.Collect$$$$00000000) referenced from startup_stm32h563xx.o(.text)
 <LI><a href="#[a9]">fputc</a> from drvexo_scheduler.o(.text.fputc) referenced from printfa.o(i.__0printf)
 <LI><a href="#[b0]">ls</a> from cmd.o(.text.ls) referenced from cmd.o(shellCommand)
 <LI><a href="#[96]">main</a> from main.o(.text.main) referenced from entry9a.o(.ARM.Collect$$$$0000000B)
 <LI><a href="#[b1]">mode</a> from cmd.o(.text.mode) referenced from cmd.o(shellCommand)
 <LI><a href="#[9a]">myShellRead</a> from drvexo_scheduler.o(.text.myShellRead) referenced 2 times from drvexo_scheduler.o(.text.Scheduler_Init)
 <LI><a href="#[9b]">myShellWrite</a> from drvexo_scheduler.o(.text.myShellWrite) referenced 2 times from drvexo_scheduler.o(.text.Scheduler_Init)
 <LI><a href="#[8]">platform_delay</a> from platform_spi.o(.text.platform_delay) referenced 2 times from platform_spi.o(.data.platform_spi_ism6dso1_dev)
 <LI><a href="#[8]">platform_delay</a> from platform_spi.o(.text.platform_delay) referenced 2 times from platform_spi.o(.data.platform_spi_ism6dso2_dev)
 <LI><a href="#[8]">platform_delay</a> from platform_spi.o(.text.platform_delay) referenced 2 times from platform_spi.o(.data.platform_spi_lps22df_dev)
 <LI><a href="#[8]">platform_delay</a> from platform_spi.o(.text.platform_delay) referenced 2 times from platform_spi.o(.data.platform_spi_w25n01_dev)
 <LI><a href="#[1]">platform_fdcan_callback</a> from platform_fdcan.o(.text.platform_fdcan_callback) referenced 2 times from platform_fdcan.o(.data.platform_fdcan_dev)
 <LI><a href="#[0]">platform_fdcan_init</a> from platform_fdcan.o(.text.platform_fdcan_init) referenced 2 times from platform_fdcan.o(.data.platform_fdcan_dev)
 <LI><a href="#[3]">platform_fdcan_read</a> from platform_fdcan.o(.text.platform_fdcan_read) referenced 2 times from platform_fdcan.o(.data.platform_fdcan_dev)
 <LI><a href="#[2]">platform_fdcan_write</a> from platform_fdcan.o(.text.platform_fdcan_write) referenced 2 times from platform_fdcan.o(.data.platform_fdcan_dev)
 <LI><a href="#[5]">platform_read</a> from platform_gpio.o(.text.platform_read) referenced 2 times from platform_gpio.o(.data.platform_gpio_3V3_dev)
 <LI><a href="#[5]">platform_read</a> from platform_gpio.o(.text.platform_read) referenced 2 times from platform_gpio.o(.data.platform_gpio_5V_dev)
 <LI><a href="#[5]">platform_read</a> from platform_gpio.o(.text.platform_read) referenced 2 times from platform_gpio.o(.data.platform_gpio_VM_dev)
 <LI><a href="#[5]">platform_read</a> from platform_gpio.o(.text.platform_read) referenced 2 times from platform_gpio.o(.data.platform_gpio_cs1_dev)
 <LI><a href="#[5]">platform_read</a> from platform_gpio.o(.text.platform_read) referenced 2 times from platform_gpio.o(.data.platform_gpio_cs2_dev)
 <LI><a href="#[5]">platform_read</a> from platform_gpio.o(.text.platform_read) referenced 2 times from platform_gpio.o(.data.platform_gpio_cs3_dev)
 <LI><a href="#[5]">platform_read</a> from platform_gpio.o(.text.platform_read) referenced 2 times from platform_gpio.o(.data.platform_gpio_cs4_dev)
 <LI><a href="#[5]">platform_read</a> from platform_gpio.o(.text.platform_read) referenced 2 times from platform_gpio.o(.data.platform_gpio_led_dev)
 <LI><a href="#[5]">platform_read</a> from platform_gpio.o(.text.platform_read) referenced 2 times from platform_gpio.o(.data.platform_gpio_voice_busy_dev)
 <LI><a href="#[7]">platform_read</a> from platform_spi.o(.text.platform_read) referenced 2 times from platform_spi.o(.data.platform_spi_ism6dso1_dev)
 <LI><a href="#[7]">platform_read</a> from platform_spi.o(.text.platform_read) referenced 2 times from platform_spi.o(.data.platform_spi_ism6dso2_dev)
 <LI><a href="#[7]">platform_read</a> from platform_spi.o(.text.platform_read) referenced 2 times from platform_spi.o(.data.platform_spi_lps22df_dev)
 <LI><a href="#[a]">platform_read_cmd</a> from platform_spi.o(.text.platform_read_cmd) referenced 2 times from platform_spi.o(.data.platform_spi_w25n01_dev)
 <LI><a href="#[4]">platform_write</a> from platform_gpio.o(.text.platform_write) referenced 2 times from platform_gpio.o(.data.platform_gpio_3V3_dev)
 <LI><a href="#[4]">platform_write</a> from platform_gpio.o(.text.platform_write) referenced 2 times from platform_gpio.o(.data.platform_gpio_5V_dev)
 <LI><a href="#[4]">platform_write</a> from platform_gpio.o(.text.platform_write) referenced 2 times from platform_gpio.o(.data.platform_gpio_VM_dev)
 <LI><a href="#[4]">platform_write</a> from platform_gpio.o(.text.platform_write) referenced 2 times from platform_gpio.o(.data.platform_gpio_cs1_dev)
 <LI><a href="#[4]">platform_write</a> from platform_gpio.o(.text.platform_write) referenced 2 times from platform_gpio.o(.data.platform_gpio_cs2_dev)
 <LI><a href="#[4]">platform_write</a> from platform_gpio.o(.text.platform_write) referenced 2 times from platform_gpio.o(.data.platform_gpio_cs3_dev)
 <LI><a href="#[4]">platform_write</a> from platform_gpio.o(.text.platform_write) referenced 2 times from platform_gpio.o(.data.platform_gpio_cs4_dev)
 <LI><a href="#[4]">platform_write</a> from platform_gpio.o(.text.platform_write) referenced 2 times from platform_gpio.o(.data.platform_gpio_led_dev)
 <LI><a href="#[4]">platform_write</a> from platform_gpio.o(.text.platform_write) referenced 2 times from platform_gpio.o(.data.platform_gpio_voice_busy_dev)
 <LI><a href="#[6]">platform_write</a> from platform_spi.o(.text.platform_write) referenced 2 times from platform_spi.o(.data.platform_spi_ism6dso1_dev)
 <LI><a href="#[6]">platform_write</a> from platform_spi.o(.text.platform_write) referenced 2 times from platform_spi.o(.data.platform_spi_ism6dso2_dev)
 <LI><a href="#[6]">platform_write</a> from platform_spi.o(.text.platform_write) referenced 2 times from platform_spi.o(.data.platform_spi_lps22df_dev)
 <LI><a href="#[b]">platform_write</a> from platform_uart.o(.text.platform_write) referenced 2 times from platform_uart.o(.data.platform_uart_voice_dev)
 <LI><a href="#[9]">platform_write_cmd</a> from platform_spi.o(.text.platform_write_cmd) referenced 2 times from platform_spi.o(.data.platform_spi_w25n01_dev)
 <LI><a href="#[af]">plus</a> from cmd.o(.text.plus) referenced from cmd.o(shellCommand)
 <LI><a href="#[ae]">reboot</a> from cmd.o(.text.reboot) referenced from cmd.o(shellCommand)
 <LI><a href="#[b2]">set</a> from cmd.o(.text.set) referenced from cmd.o(shellCommand)
 <LI><a href="#[ad]">shellAnsiStart</a> from shell.o(.text.shellAnsiStart) referenced from shell.o(.rodata.shellDefaultKeyFunctionList)
 <LI><a href="#[ac]">shellBackspace</a> from shell.o(.text.shellBackspace) referenced 2 times from shell.o(.rodata.shellDefaultKeyFunctionList)
 <LI><a href="#[b6]">shellClear</a> from shell.o(.text.shellClear) referenced from shell.o(shellCommand)
 <LI><a href="#[aa]">shellEnter</a> from shell.o(.text.shellEnter) referenced 2 times from shell.o(.rodata.shellDefaultKeyFunctionList)
 <LI><a href="#[b5]">shellHelp</a> from shell.o(.text.shellHelp) referenced from shell.o(shellCommand)
 <LI><a href="#[b4]">shellListVariables</a> from shell.o(.text.shellListVariables) referenced from shell.o(shellCommand)
 <LI><a href="#[b3]">shellSetVariable</a> from shell.o(.text.shellSetVariable) referenced from shell.o(shellCommand)
 <LI><a href="#[ab]">shellTab</a> from shell.o(.text.shellTab) referenced from shell.o(.rodata.shellDefaultKeyFunctionList)
 <LI><a href="#[9c]">shell_run</a> from drvexo_scheduler.o(.text.shell_run) referenced 2 times from drvexo_scheduler.o(.text.Scheduler_Init)
</UL>
<P>
<H3>
Global Symbols
</H3>
<P><STRONG><a name="[98]"></a>__main</STRONG> (Thumb, 0 bytes, Stack size unknown bytes, entry.o(.ARM.Collect$$$$00000000))
<BR>[Address Reference Count : 1]<UL><LI> startup_stm32h563xx.o(.text)
</UL>
<P><STRONG><a name="[258]"></a>_main_stk</STRONG> (Thumb, 0 bytes, Stack size unknown bytes, entry2.o(.ARM.Collect$$$$00000001))

<P><STRONG><a name="[b7]"></a>_main_scatterload</STRONG> (Thumb, 0 bytes, Stack size unknown bytes, entry5.o(.ARM.Collect$$$$00000004))
<BR><BR>[Calls]<UL><LI><a href="#[b8]">&gt;&gt;</a>&nbsp;&nbsp;&nbsp;__scatterload
</UL>

<P><STRONG><a name="[c8]"></a>__main_after_scatterload</STRONG> (Thumb, 0 bytes, Stack size unknown bytes, entry5.o(.ARM.Collect$$$$00000004))
<BR><BR>[Called By]<UL><LI><a href="#[b8]">&gt;&gt;</a>&nbsp;&nbsp;&nbsp;__scatterload
</UL>

<P><STRONG><a name="[259]"></a>_main_clock</STRONG> (Thumb, 0 bytes, Stack size unknown bytes, entry7b.o(.ARM.Collect$$$$00000008))

<P><STRONG><a name="[25a]"></a>_main_cpp_init</STRONG> (Thumb, 0 bytes, Stack size unknown bytes, entry8b.o(.ARM.Collect$$$$0000000A))

<P><STRONG><a name="[25b]"></a>_main_init</STRONG> (Thumb, 0 bytes, Stack size unknown bytes, entry9a.o(.ARM.Collect$$$$0000000B))

<P><STRONG><a name="[25c]"></a>__rt_final_cpp</STRONG> (Thumb, 0 bytes, Stack size unknown bytes, entry10a.o(.ARM.Collect$$$$0000000D))

<P><STRONG><a name="[25d]"></a>__rt_final_exit</STRONG> (Thumb, 0 bytes, Stack size unknown bytes, entry11a.o(.ARM.Collect$$$$0000000F))

<P><STRONG><a name="[c]"></a>Reset_Handler</STRONG> (Thumb, 8 bytes, Stack size 0 bytes, startup_stm32h563xx.o(.text))
<BR>[Address Reference Count : 1]<UL><LI> startup_stm32h563xx.o(RESET)
</UL>
<P><STRONG><a name="[12]"></a>SecureFault_Handler</STRONG> (Thumb, 2 bytes, Stack size 0 bytes, startup_stm32h563xx.o(.text))
<BR><BR>[Calls]<UL><LI><a href="#[12]">&gt;&gt;</a>&nbsp;&nbsp;&nbsp;SecureFault_Handler
</UL>
<BR>[Called By]<UL><LI><a href="#[12]">&gt;&gt;</a>&nbsp;&nbsp;&nbsp;SecureFault_Handler
</UL>
<BR>[Address Reference Count : 1]<UL><LI> startup_stm32h563xx.o(RESET)
</UL>
<P><STRONG><a name="[3b]"></a>ADC1_IRQHandler</STRONG> (Thumb, 0 bytes, Stack size 0 bytes, startup_stm32h563xx.o(.text))
<BR><BR>[Calls]<UL><LI><a href="#[3b]">&gt;&gt;</a>&nbsp;&nbsp;&nbsp;ADC1_IRQHandler
</UL>
<BR>[Called By]<UL><LI><a href="#[3b]">&gt;&gt;</a>&nbsp;&nbsp;&nbsp;ADC1_IRQHandler
</UL>
<BR>[Address Reference Count : 1]<UL><LI> startup_stm32h563xx.o(RESET)
</UL>
<P><STRONG><a name="[5b]"></a>ADC2_IRQHandler</STRONG> (Thumb, 0 bytes, Stack size 0 bytes, startup_stm32h563xx.o(.text))
<BR>[Address Reference Count : 1]<UL><LI> startup_stm32h563xx.o(RESET)
</UL>
<P><STRONG><a name="[8a]"></a>CEC_IRQHandler</STRONG> (Thumb, 0 bytes, Stack size 0 bytes, startup_stm32h563xx.o(.text))
<BR>[Address Reference Count : 1]<UL><LI> startup_stm32h563xx.o(RESET)
</UL>
<P><STRONG><a name="[85]"></a>CORDIC_IRQHandler</STRONG> (Thumb, 0 bytes, Stack size 0 bytes, startup_stm32h563xx.o(.text))
<BR>[Address Reference Count : 1]<UL><LI> startup_stm32h563xx.o(RESET)
</UL>
<P><STRONG><a name="[61]"></a>CRS_IRQHandler</STRONG> (Thumb, 0 bytes, Stack size 0 bytes, startup_stm32h563xx.o(.text))
<BR>[Address Reference Count : 1]<UL><LI> startup_stm32h563xx.o(RESET)
</UL>
<P><STRONG><a name="[3c]"></a>DAC1_IRQHandler</STRONG> (Thumb, 0 bytes, Stack size 0 bytes, startup_stm32h563xx.o(.text))
<BR>[Address Reference Count : 1]<UL><LI> startup_stm32h563xx.o(RESET)
</UL>
<P><STRONG><a name="[7f]"></a>DCACHE1_IRQHandler</STRONG> (Thumb, 0 bytes, Stack size 0 bytes, startup_stm32h563xx.o(.text))
<BR>[Address Reference Count : 1]<UL><LI> startup_stm32h563xx.o(RESET)
</UL>
<P><STRONG><a name="[82]"></a>DCMI_PSSI_IRQHandler</STRONG> (Thumb, 0 bytes, Stack size 0 bytes, startup_stm32h563xx.o(.text))
<BR>[Address Reference Count : 1]<UL><LI> startup_stm32h563xx.o(RESET)
</UL>
<P><STRONG><a name="[87]"></a>DTS_IRQHandler</STRONG> (Thumb, 0 bytes, Stack size 0 bytes, startup_stm32h563xx.o(.text))
<BR>[Address Reference Count : 1]<UL><LI> startup_stm32h563xx.o(RESET)
</UL>
<P><STRONG><a name="[80]"></a>ETH_IRQHandler</STRONG> (Thumb, 0 bytes, Stack size 0 bytes, startup_stm32h563xx.o(.text))
<BR>[Address Reference Count : 1]<UL><LI> startup_stm32h563xx.o(RESET)
</UL>
<P><STRONG><a name="[81]"></a>ETH_WKUP_IRQHandler</STRONG> (Thumb, 0 bytes, Stack size 0 bytes, startup_stm32h563xx.o(.text))
<BR>[Address Reference Count : 1]<UL><LI> startup_stm32h563xx.o(RESET)
</UL>
<P><STRONG><a name="[22]"></a>EXTI0_IRQHandler</STRONG> (Thumb, 0 bytes, Stack size 0 bytes, startup_stm32h563xx.o(.text))
<BR>[Address Reference Count : 1]<UL><LI> startup_stm32h563xx.o(RESET)
</UL>
<P><STRONG><a name="[2c]"></a>EXTI10_IRQHandler</STRONG> (Thumb, 0 bytes, Stack size 0 bytes, startup_stm32h563xx.o(.text))
<BR>[Address Reference Count : 1]<UL><LI> startup_stm32h563xx.o(RESET)
</UL>
<P><STRONG><a name="[2d]"></a>EXTI11_IRQHandler</STRONG> (Thumb, 0 bytes, Stack size 0 bytes, startup_stm32h563xx.o(.text))
<BR>[Address Reference Count : 1]<UL><LI> startup_stm32h563xx.o(RESET)
</UL>
<P><STRONG><a name="[2e]"></a>EXTI12_IRQHandler</STRONG> (Thumb, 0 bytes, Stack size 0 bytes, startup_stm32h563xx.o(.text))
<BR>[Address Reference Count : 1]<UL><LI> startup_stm32h563xx.o(RESET)
</UL>
<P><STRONG><a name="[2f]"></a>EXTI13_IRQHandler</STRONG> (Thumb, 0 bytes, Stack size 0 bytes, startup_stm32h563xx.o(.text))
<BR>[Address Reference Count : 1]<UL><LI> startup_stm32h563xx.o(RESET)
</UL>
<P><STRONG><a name="[30]"></a>EXTI14_IRQHandler</STRONG> (Thumb, 0 bytes, Stack size 0 bytes, startup_stm32h563xx.o(.text))
<BR>[Address Reference Count : 1]<UL><LI> startup_stm32h563xx.o(RESET)
</UL>
<P><STRONG><a name="[31]"></a>EXTI15_IRQHandler</STRONG> (Thumb, 0 bytes, Stack size 0 bytes, startup_stm32h563xx.o(.text))
<BR>[Address Reference Count : 1]<UL><LI> startup_stm32h563xx.o(RESET)
</UL>
<P><STRONG><a name="[23]"></a>EXTI1_IRQHandler</STRONG> (Thumb, 0 bytes, Stack size 0 bytes, startup_stm32h563xx.o(.text))
<BR>[Address Reference Count : 1]<UL><LI> startup_stm32h563xx.o(RESET)
</UL>
<P><STRONG><a name="[24]"></a>EXTI2_IRQHandler</STRONG> (Thumb, 0 bytes, Stack size 0 bytes, startup_stm32h563xx.o(.text))
<BR>[Address Reference Count : 1]<UL><LI> startup_stm32h563xx.o(RESET)
</UL>
<P><STRONG><a name="[25]"></a>EXTI3_IRQHandler</STRONG> (Thumb, 0 bytes, Stack size 0 bytes, startup_stm32h563xx.o(.text))
<BR>[Address Reference Count : 1]<UL><LI> startup_stm32h563xx.o(RESET)
</UL>
<P><STRONG><a name="[27]"></a>EXTI5_IRQHandler</STRONG> (Thumb, 0 bytes, Stack size 0 bytes, startup_stm32h563xx.o(.text))
<BR>[Address Reference Count : 1]<UL><LI> startup_stm32h563xx.o(RESET)
</UL>
<P><STRONG><a name="[28]"></a>EXTI6_IRQHandler</STRONG> (Thumb, 0 bytes, Stack size 0 bytes, startup_stm32h563xx.o(.text))
<BR>[Address Reference Count : 1]<UL><LI> startup_stm32h563xx.o(RESET)
</UL>
<P><STRONG><a name="[29]"></a>EXTI7_IRQHandler</STRONG> (Thumb, 0 bytes, Stack size 0 bytes, startup_stm32h563xx.o(.text))
<BR>[Address Reference Count : 1]<UL><LI> startup_stm32h563xx.o(RESET)
</UL>
<P><STRONG><a name="[2a]"></a>EXTI8_IRQHandler</STRONG> (Thumb, 0 bytes, Stack size 0 bytes, startup_stm32h563xx.o(.text))
<BR>[Address Reference Count : 1]<UL><LI> startup_stm32h563xx.o(RESET)
</UL>
<P><STRONG><a name="[2b]"></a>EXTI9_IRQHandler</STRONG> (Thumb, 0 bytes, Stack size 0 bytes, startup_stm32h563xx.o(.text))
<BR>[Address Reference Count : 1]<UL><LI> startup_stm32h563xx.o(RESET)
</UL>
<P><STRONG><a name="[83]"></a>FDCAN2_IT0_IRQHandler</STRONG> (Thumb, 0 bytes, Stack size 0 bytes, startup_stm32h563xx.o(.text))
<BR>[Address Reference Count : 1]<UL><LI> startup_stm32h563xx.o(RESET)
</UL>
<P><STRONG><a name="[84]"></a>FDCAN2_IT1_IRQHandler</STRONG> (Thumb, 0 bytes, Stack size 0 bytes, startup_stm32h563xx.o(.text))
<BR>[Address Reference Count : 1]<UL><LI> startup_stm32h563xx.o(RESET)
</UL>
<P><STRONG><a name="[1d]"></a>FLASH_IRQHandler</STRONG> (Thumb, 0 bytes, Stack size 0 bytes, startup_stm32h563xx.o(.text))
<BR>[Address Reference Count : 1]<UL><LI> startup_stm32h563xx.o(RESET)
</UL>
<P><STRONG><a name="[1e]"></a>FLASH_S_IRQHandler</STRONG> (Thumb, 0 bytes, Stack size 0 bytes, startup_stm32h563xx.o(.text))
<BR>[Address Reference Count : 1]<UL><LI> startup_stm32h563xx.o(RESET)
</UL>
<P><STRONG><a name="[86]"></a>FMAC_IRQHandler</STRONG> (Thumb, 0 bytes, Stack size 0 bytes, startup_stm32h563xx.o(.text))
<BR>[Address Reference Count : 1]<UL><LI> startup_stm32h563xx.o(RESET)
</UL>
<P><STRONG><a name="[63]"></a>FMC_IRQHandler</STRONG> (Thumb, 0 bytes, Stack size 0 bytes, startup_stm32h563xx.o(.text))
<BR>[Address Reference Count : 1]<UL><LI> startup_stm32h563xx.o(RESET)
</UL>
<P><STRONG><a name="[7d]"></a>FPU_IRQHandler</STRONG> (Thumb, 0 bytes, Stack size 0 bytes, startup_stm32h563xx.o(.text))
<BR>[Address Reference Count : 1]<UL><LI> startup_stm32h563xx.o(RESET)
</UL>
<P><STRONG><a name="[32]"></a>GPDMA1_Channel0_IRQHandler</STRONG> (Thumb, 0 bytes, Stack size 0 bytes, startup_stm32h563xx.o(.text))
<BR>[Address Reference Count : 1]<UL><LI> startup_stm32h563xx.o(RESET)
</UL>
<P><STRONG><a name="[33]"></a>GPDMA1_Channel1_IRQHandler</STRONG> (Thumb, 0 bytes, Stack size 0 bytes, startup_stm32h563xx.o(.text))
<BR>[Address Reference Count : 1]<UL><LI> startup_stm32h563xx.o(RESET)
</UL>
<P><STRONG><a name="[35]"></a>GPDMA1_Channel3_IRQHandler</STRONG> (Thumb, 0 bytes, Stack size 0 bytes, startup_stm32h563xx.o(.text))
<BR>[Address Reference Count : 1]<UL><LI> startup_stm32h563xx.o(RESET)
</UL>
<P><STRONG><a name="[36]"></a>GPDMA1_Channel4_IRQHandler</STRONG> (Thumb, 0 bytes, Stack size 0 bytes, startup_stm32h563xx.o(.text))
<BR>[Address Reference Count : 1]<UL><LI> startup_stm32h563xx.o(RESET)
</UL>
<P><STRONG><a name="[37]"></a>GPDMA1_Channel5_IRQHandler</STRONG> (Thumb, 0 bytes, Stack size 0 bytes, startup_stm32h563xx.o(.text))
<BR>[Address Reference Count : 1]<UL><LI> startup_stm32h563xx.o(RESET)
</UL>
<P><STRONG><a name="[38]"></a>GPDMA1_Channel6_IRQHandler</STRONG> (Thumb, 0 bytes, Stack size 0 bytes, startup_stm32h563xx.o(.text))
<BR>[Address Reference Count : 1]<UL><LI> startup_stm32h563xx.o(RESET)
</UL>
<P><STRONG><a name="[39]"></a>GPDMA1_Channel7_IRQHandler</STRONG> (Thumb, 0 bytes, Stack size 0 bytes, startup_stm32h563xx.o(.text))
<BR>[Address Reference Count : 1]<UL><LI> startup_stm32h563xx.o(RESET)
</UL>
<P><STRONG><a name="[70]"></a>GPDMA2_Channel0_IRQHandler</STRONG> (Thumb, 0 bytes, Stack size 0 bytes, startup_stm32h563xx.o(.text))
<BR>[Address Reference Count : 1]<UL><LI> startup_stm32h563xx.o(RESET)
</UL>
<P><STRONG><a name="[71]"></a>GPDMA2_Channel1_IRQHandler</STRONG> (Thumb, 0 bytes, Stack size 0 bytes, startup_stm32h563xx.o(.text))
<BR>[Address Reference Count : 1]<UL><LI> startup_stm32h563xx.o(RESET)
</UL>
<P><STRONG><a name="[72]"></a>GPDMA2_Channel2_IRQHandler</STRONG> (Thumb, 0 bytes, Stack size 0 bytes, startup_stm32h563xx.o(.text))
<BR>[Address Reference Count : 1]<UL><LI> startup_stm32h563xx.o(RESET)
</UL>
<P><STRONG><a name="[73]"></a>GPDMA2_Channel3_IRQHandler</STRONG> (Thumb, 0 bytes, Stack size 0 bytes, startup_stm32h563xx.o(.text))
<BR>[Address Reference Count : 1]<UL><LI> startup_stm32h563xx.o(RESET)
</UL>
<P><STRONG><a name="[74]"></a>GPDMA2_Channel4_IRQHandler</STRONG> (Thumb, 0 bytes, Stack size 0 bytes, startup_stm32h563xx.o(.text))
<BR>[Address Reference Count : 1]<UL><LI> startup_stm32h563xx.o(RESET)
</UL>
<P><STRONG><a name="[75]"></a>GPDMA2_Channel5_IRQHandler</STRONG> (Thumb, 0 bytes, Stack size 0 bytes, startup_stm32h563xx.o(.text))
<BR>[Address Reference Count : 1]<UL><LI> startup_stm32h563xx.o(RESET)
</UL>
<P><STRONG><a name="[76]"></a>GPDMA2_Channel6_IRQHandler</STRONG> (Thumb, 0 bytes, Stack size 0 bytes, startup_stm32h563xx.o(.text))
<BR>[Address Reference Count : 1]<UL><LI> startup_stm32h563xx.o(RESET)
</UL>
<P><STRONG><a name="[77]"></a>GPDMA2_Channel7_IRQHandler</STRONG> (Thumb, 0 bytes, Stack size 0 bytes, startup_stm32h563xx.o(.text))
<BR>[Address Reference Count : 1]<UL><LI> startup_stm32h563xx.o(RESET)
</UL>
<P><STRONG><a name="[1f]"></a>GTZC_IRQHandler</STRONG> (Thumb, 0 bytes, Stack size 0 bytes, startup_stm32h563xx.o(.text))
<BR>[Address Reference Count : 1]<UL><LI> startup_stm32h563xx.o(RESET)
</UL>
<P><STRONG><a name="[89]"></a>HASH_IRQHandler</STRONG> (Thumb, 0 bytes, Stack size 0 bytes, startup_stm32h563xx.o(.text))
<BR>[Address Reference Count : 1]<UL><LI> startup_stm32h563xx.o(RESET)
</UL>
<P><STRONG><a name="[4a]"></a>I2C1_ER_IRQHandler</STRONG> (Thumb, 0 bytes, Stack size 0 bytes, startup_stm32h563xx.o(.text))
<BR>[Address Reference Count : 1]<UL><LI> startup_stm32h563xx.o(RESET)
</UL>
<P><STRONG><a name="[49]"></a>I2C1_EV_IRQHandler</STRONG> (Thumb, 0 bytes, Stack size 0 bytes, startup_stm32h563xx.o(.text))
<BR>[Address Reference Count : 1]<UL><LI> startup_stm32h563xx.o(RESET)
</UL>
<P><STRONG><a name="[4c]"></a>I2C2_ER_IRQHandler</STRONG> (Thumb, 0 bytes, Stack size 0 bytes, startup_stm32h563xx.o(.text))
<BR>[Address Reference Count : 1]<UL><LI> startup_stm32h563xx.o(RESET)
</UL>
<P><STRONG><a name="[4b]"></a>I2C2_EV_IRQHandler</STRONG> (Thumb, 0 bytes, Stack size 0 bytes, startup_stm32h563xx.o(.text))
<BR>[Address Reference Count : 1]<UL><LI> startup_stm32h563xx.o(RESET)
</UL>
<P><STRONG><a name="[67]"></a>I2C3_ER_IRQHandler</STRONG> (Thumb, 0 bytes, Stack size 0 bytes, startup_stm32h563xx.o(.text))
<BR>[Address Reference Count : 1]<UL><LI> startup_stm32h563xx.o(RESET)
</UL>
<P><STRONG><a name="[66]"></a>I2C3_EV_IRQHandler</STRONG> (Thumb, 0 bytes, Stack size 0 bytes, startup_stm32h563xx.o(.text))
<BR>[Address Reference Count : 1]<UL><LI> startup_stm32h563xx.o(RESET)
</UL>
<P><STRONG><a name="[91]"></a>I2C4_ER_IRQHandler</STRONG> (Thumb, 0 bytes, Stack size 0 bytes, startup_stm32h563xx.o(.text))
<BR>[Address Reference Count : 1]<UL><LI> startup_stm32h563xx.o(RESET)
</UL>
<P><STRONG><a name="[90]"></a>I2C4_EV_IRQHandler</STRONG> (Thumb, 0 bytes, Stack size 0 bytes, startup_stm32h563xx.o(.text))
<BR>[Address Reference Count : 1]<UL><LI> startup_stm32h563xx.o(RESET)
</UL>
<P><STRONG><a name="[8f]"></a>I3C1_ER_IRQHandler</STRONG> (Thumb, 0 bytes, Stack size 0 bytes, startup_stm32h563xx.o(.text))
<BR>[Address Reference Count : 1]<UL><LI> startup_stm32h563xx.o(RESET)
</UL>
<P><STRONG><a name="[8e]"></a>I3C1_EV_IRQHandler</STRONG> (Thumb, 0 bytes, Stack size 0 bytes, startup_stm32h563xx.o(.text))
<BR>[Address Reference Count : 1]<UL><LI> startup_stm32h563xx.o(RESET)
</UL>
<P><STRONG><a name="[7e]"></a>ICACHE_IRQHandler</STRONG> (Thumb, 0 bytes, Stack size 0 bytes, startup_stm32h563xx.o(.text))
<BR>[Address Reference Count : 1]<UL><LI> startup_stm32h563xx.o(RESET)
</UL>
<P><STRONG><a name="[3a]"></a>IWDG_IRQHandler</STRONG> (Thumb, 0 bytes, Stack size 0 bytes, startup_stm32h563xx.o(.text))
<BR>[Address Reference Count : 1]<UL><LI> startup_stm32h563xx.o(RESET)
</UL>
<P><STRONG><a name="[56]"></a>LPTIM1_IRQHandler</STRONG> (Thumb, 0 bytes, Stack size 0 bytes, startup_stm32h563xx.o(.text))
<BR>[Address Reference Count : 1]<UL><LI> startup_stm32h563xx.o(RESET)
</UL>
<P><STRONG><a name="[5c]"></a>LPTIM2_IRQHandler</STRONG> (Thumb, 0 bytes, Stack size 0 bytes, startup_stm32h563xx.o(.text))
<BR>[Address Reference Count : 1]<UL><LI> startup_stm32h563xx.o(RESET)
</UL>
<P><STRONG><a name="[92]"></a>LPTIM3_IRQHandler</STRONG> (Thumb, 0 bytes, Stack size 0 bytes, startup_stm32h563xx.o(.text))
<BR>[Address Reference Count : 1]<UL><LI> startup_stm32h563xx.o(RESET)
</UL>
<P><STRONG><a name="[93]"></a>LPTIM4_IRQHandler</STRONG> (Thumb, 0 bytes, Stack size 0 bytes, startup_stm32h563xx.o(.text))
<BR>[Address Reference Count : 1]<UL><LI> startup_stm32h563xx.o(RESET)
</UL>
<P><STRONG><a name="[94]"></a>LPTIM5_IRQHandler</STRONG> (Thumb, 0 bytes, Stack size 0 bytes, startup_stm32h563xx.o(.text))
<BR>[Address Reference Count : 1]<UL><LI> startup_stm32h563xx.o(RESET)
</UL>
<P><STRONG><a name="[95]"></a>LPTIM6_IRQHandler</STRONG> (Thumb, 0 bytes, Stack size 0 bytes, startup_stm32h563xx.o(.text))
<BR>[Address Reference Count : 1]<UL><LI> startup_stm32h563xx.o(RESET)
</UL>
<P><STRONG><a name="[55]"></a>LPUART1_IRQHandler</STRONG> (Thumb, 0 bytes, Stack size 0 bytes, startup_stm32h563xx.o(.text))
<BR>[Address Reference Count : 1]<UL><LI> startup_stm32h563xx.o(RESET)
</UL>
<P><STRONG><a name="[64]"></a>OCTOSPI1_IRQHandler</STRONG> (Thumb, 0 bytes, Stack size 0 bytes, startup_stm32h563xx.o(.text))
<BR>[Address Reference Count : 1]<UL><LI> startup_stm32h563xx.o(RESET)
</UL>
<P><STRONG><a name="[18]"></a>PVD_AVD_IRQHandler</STRONG> (Thumb, 0 bytes, Stack size 0 bytes, startup_stm32h563xx.o(.text))
<BR>[Address Reference Count : 1]<UL><LI> startup_stm32h563xx.o(RESET)
</UL>
<P><STRONG><a name="[1c]"></a>RAMCFG_IRQHandler</STRONG> (Thumb, 0 bytes, Stack size 0 bytes, startup_stm32h563xx.o(.text))
<BR>[Address Reference Count : 1]<UL><LI> startup_stm32h563xx.o(RESET)
</UL>
<P><STRONG><a name="[20]"></a>RCC_IRQHandler</STRONG> (Thumb, 0 bytes, Stack size 0 bytes, startup_stm32h563xx.o(.text))
<BR>[Address Reference Count : 1]<UL><LI> startup_stm32h563xx.o(RESET)
</UL>
<P><STRONG><a name="[21]"></a>RCC_S_IRQHandler</STRONG> (Thumb, 0 bytes, Stack size 0 bytes, startup_stm32h563xx.o(.text))
<BR>[Address Reference Count : 1]<UL><LI> startup_stm32h563xx.o(RESET)
</UL>
<P><STRONG><a name="[88]"></a>RNG_IRQHandler</STRONG> (Thumb, 0 bytes, Stack size 0 bytes, startup_stm32h563xx.o(.text))
<BR>[Address Reference Count : 1]<UL><LI> startup_stm32h563xx.o(RESET)
</UL>
<P><STRONG><a name="[19]"></a>RTC_IRQHandler</STRONG> (Thumb, 0 bytes, Stack size 0 bytes, startup_stm32h563xx.o(.text))
<BR>[Address Reference Count : 1]<UL><LI> startup_stm32h563xx.o(RESET)
</UL>
<P><STRONG><a name="[1a]"></a>RTC_S_IRQHandler</STRONG> (Thumb, 0 bytes, Stack size 0 bytes, startup_stm32h563xx.o(.text))
<BR>[Address Reference Count : 1]<UL><LI> startup_stm32h563xx.o(RESET)
</UL>
<P><STRONG><a name="[6e]"></a>SAI1_IRQHandler</STRONG> (Thumb, 0 bytes, Stack size 0 bytes, startup_stm32h563xx.o(.text))
<BR>[Address Reference Count : 1]<UL><LI> startup_stm32h563xx.o(RESET)
</UL>
<P><STRONG><a name="[6f]"></a>SAI2_IRQHandler</STRONG> (Thumb, 0 bytes, Stack size 0 bytes, startup_stm32h563xx.o(.text))
<BR>[Address Reference Count : 1]<UL><LI> startup_stm32h563xx.o(RESET)
</UL>
<P><STRONG><a name="[65]"></a>SDMMC1_IRQHandler</STRONG> (Thumb, 0 bytes, Stack size 0 bytes, startup_stm32h563xx.o(.text))
<BR>[Address Reference Count : 1]<UL><LI> startup_stm32h563xx.o(RESET)
</UL>
<P><STRONG><a name="[7c]"></a>SDMMC2_IRQHandler</STRONG> (Thumb, 0 bytes, Stack size 0 bytes, startup_stm32h563xx.o(.text))
<BR>[Address Reference Count : 1]<UL><LI> startup_stm32h563xx.o(RESET)
</UL>
<P><STRONG><a name="[4d]"></a>SPI1_IRQHandler</STRONG> (Thumb, 0 bytes, Stack size 0 bytes, startup_stm32h563xx.o(.text))
<BR>[Address Reference Count : 1]<UL><LI> startup_stm32h563xx.o(RESET)
</UL>
<P><STRONG><a name="[4e]"></a>SPI2_IRQHandler</STRONG> (Thumb, 0 bytes, Stack size 0 bytes, startup_stm32h563xx.o(.text))
<BR>[Address Reference Count : 1]<UL><LI> startup_stm32h563xx.o(RESET)
</UL>
<P><STRONG><a name="[4f]"></a>SPI3_IRQHandler</STRONG> (Thumb, 0 bytes, Stack size 0 bytes, startup_stm32h563xx.o(.text))
<BR>[Address Reference Count : 1]<UL><LI> startup_stm32h563xx.o(RESET)
</UL>
<P><STRONG><a name="[68]"></a>SPI4_IRQHandler</STRONG> (Thumb, 0 bytes, Stack size 0 bytes, startup_stm32h563xx.o(.text))
<BR>[Address Reference Count : 1]<UL><LI> startup_stm32h563xx.o(RESET)
</UL>
<P><STRONG><a name="[69]"></a>SPI5_IRQHandler</STRONG> (Thumb, 0 bytes, Stack size 0 bytes, startup_stm32h563xx.o(.text))
<BR>[Address Reference Count : 1]<UL><LI> startup_stm32h563xx.o(RESET)
</UL>
<P><STRONG><a name="[6a]"></a>SPI6_IRQHandler</STRONG> (Thumb, 0 bytes, Stack size 0 bytes, startup_stm32h563xx.o(.text))
<BR>[Address Reference Count : 1]<UL><LI> startup_stm32h563xx.o(RESET)
</UL>
<P><STRONG><a name="[1b]"></a>TAMP_IRQHandler</STRONG> (Thumb, 0 bytes, Stack size 0 bytes, startup_stm32h563xx.o(.text))
<BR>[Address Reference Count : 1]<UL><LI> startup_stm32h563xx.o(RESET)
</UL>
<P><STRONG><a name="[8b]"></a>TIM12_IRQHandler</STRONG> (Thumb, 0 bytes, Stack size 0 bytes, startup_stm32h563xx.o(.text))
<BR>[Address Reference Count : 1]<UL><LI> startup_stm32h563xx.o(RESET)
</UL>
<P><STRONG><a name="[8c]"></a>TIM13_IRQHandler</STRONG> (Thumb, 0 bytes, Stack size 0 bytes, startup_stm32h563xx.o(.text))
<BR>[Address Reference Count : 1]<UL><LI> startup_stm32h563xx.o(RESET)
</UL>
<P><STRONG><a name="[8d]"></a>TIM14_IRQHandler</STRONG> (Thumb, 0 bytes, Stack size 0 bytes, startup_stm32h563xx.o(.text))
<BR>[Address Reference Count : 1]<UL><LI> startup_stm32h563xx.o(RESET)
</UL>
<P><STRONG><a name="[5d]"></a>TIM15_IRQHandler</STRONG> (Thumb, 0 bytes, Stack size 0 bytes, startup_stm32h563xx.o(.text))
<BR>[Address Reference Count : 1]<UL><LI> startup_stm32h563xx.o(RESET)
</UL>
<P><STRONG><a name="[5e]"></a>TIM16_IRQHandler</STRONG> (Thumb, 0 bytes, Stack size 0 bytes, startup_stm32h563xx.o(.text))
<BR>[Address Reference Count : 1]<UL><LI> startup_stm32h563xx.o(RESET)
</UL>
<P><STRONG><a name="[5f]"></a>TIM17_IRQHandler</STRONG> (Thumb, 0 bytes, Stack size 0 bytes, startup_stm32h563xx.o(.text))
<BR>[Address Reference Count : 1]<UL><LI> startup_stm32h563xx.o(RESET)
</UL>
<P><STRONG><a name="[3f]"></a>TIM1_BRK_IRQHandler</STRONG> (Thumb, 0 bytes, Stack size 0 bytes, startup_stm32h563xx.o(.text))
<BR>[Address Reference Count : 1]<UL><LI> startup_stm32h563xx.o(RESET)
</UL>
<P><STRONG><a name="[42]"></a>TIM1_CC_IRQHandler</STRONG> (Thumb, 0 bytes, Stack size 0 bytes, startup_stm32h563xx.o(.text))
<BR>[Address Reference Count : 1]<UL><LI> startup_stm32h563xx.o(RESET)
</UL>
<P><STRONG><a name="[41]"></a>TIM1_TRG_COM_IRQHandler</STRONG> (Thumb, 0 bytes, Stack size 0 bytes, startup_stm32h563xx.o(.text))
<BR>[Address Reference Count : 1]<UL><LI> startup_stm32h563xx.o(RESET)
</UL>
<P><STRONG><a name="[40]"></a>TIM1_UP_IRQHandler</STRONG> (Thumb, 0 bytes, Stack size 0 bytes, startup_stm32h563xx.o(.text))
<BR>[Address Reference Count : 1]<UL><LI> startup_stm32h563xx.o(RESET)
</UL>
<P><STRONG><a name="[43]"></a>TIM2_IRQHandler</STRONG> (Thumb, 0 bytes, Stack size 0 bytes, startup_stm32h563xx.o(.text))
<BR>[Address Reference Count : 1]<UL><LI> startup_stm32h563xx.o(RESET)
</UL>
<P><STRONG><a name="[44]"></a>TIM3_IRQHandler</STRONG> (Thumb, 0 bytes, Stack size 0 bytes, startup_stm32h563xx.o(.text))
<BR>[Address Reference Count : 1]<UL><LI> startup_stm32h563xx.o(RESET)
</UL>
<P><STRONG><a name="[45]"></a>TIM4_IRQHandler</STRONG> (Thumb, 0 bytes, Stack size 0 bytes, startup_stm32h563xx.o(.text))
<BR>[Address Reference Count : 1]<UL><LI> startup_stm32h563xx.o(RESET)
</UL>
<P><STRONG><a name="[46]"></a>TIM5_IRQHandler</STRONG> (Thumb, 0 bytes, Stack size 0 bytes, startup_stm32h563xx.o(.text))
<BR>[Address Reference Count : 1]<UL><LI> startup_stm32h563xx.o(RESET)
</UL>
<P><STRONG><a name="[47]"></a>TIM6_IRQHandler</STRONG> (Thumb, 0 bytes, Stack size 0 bytes, startup_stm32h563xx.o(.text))
<BR>[Address Reference Count : 1]<UL><LI> startup_stm32h563xx.o(RESET)
</UL>
<P><STRONG><a name="[57]"></a>TIM8_BRK_IRQHandler</STRONG> (Thumb, 0 bytes, Stack size 0 bytes, startup_stm32h563xx.o(.text))
<BR>[Address Reference Count : 1]<UL><LI> startup_stm32h563xx.o(RESET)
</UL>
<P><STRONG><a name="[5a]"></a>TIM8_CC_IRQHandler</STRONG> (Thumb, 0 bytes, Stack size 0 bytes, startup_stm32h563xx.o(.text))
<BR>[Address Reference Count : 1]<UL><LI> startup_stm32h563xx.o(RESET)
</UL>
<P><STRONG><a name="[59]"></a>TIM8_TRG_COM_IRQHandler</STRONG> (Thumb, 0 bytes, Stack size 0 bytes, startup_stm32h563xx.o(.text))
<BR>[Address Reference Count : 1]<UL><LI> startup_stm32h563xx.o(RESET)
</UL>
<P><STRONG><a name="[58]"></a>TIM8_UP_IRQHandler</STRONG> (Thumb, 0 bytes, Stack size 0 bytes, startup_stm32h563xx.o(.text))
<BR>[Address Reference Count : 1]<UL><LI> startup_stm32h563xx.o(RESET)
</UL>
<P><STRONG><a name="[7b]"></a>UART12_IRQHandler</STRONG> (Thumb, 0 bytes, Stack size 0 bytes, startup_stm32h563xx.o(.text))
<BR>[Address Reference Count : 1]<UL><LI> startup_stm32h563xx.o(RESET)
</UL>
<P><STRONG><a name="[53]"></a>UART4_IRQHandler</STRONG> (Thumb, 0 bytes, Stack size 0 bytes, startup_stm32h563xx.o(.text))
<BR>[Address Reference Count : 1]<UL><LI> startup_stm32h563xx.o(RESET)
</UL>
<P><STRONG><a name="[54]"></a>UART5_IRQHandler</STRONG> (Thumb, 0 bytes, Stack size 0 bytes, startup_stm32h563xx.o(.text))
<BR>[Address Reference Count : 1]<UL><LI> startup_stm32h563xx.o(RESET)
</UL>
<P><STRONG><a name="[78]"></a>UART7_IRQHandler</STRONG> (Thumb, 0 bytes, Stack size 0 bytes, startup_stm32h563xx.o(.text))
<BR>[Address Reference Count : 1]<UL><LI> startup_stm32h563xx.o(RESET)
</UL>
<P><STRONG><a name="[79]"></a>UART8_IRQHandler</STRONG> (Thumb, 0 bytes, Stack size 0 bytes, startup_stm32h563xx.o(.text))
<BR>[Address Reference Count : 1]<UL><LI> startup_stm32h563xx.o(RESET)
</UL>
<P><STRONG><a name="[7a]"></a>UART9_IRQHandler</STRONG> (Thumb, 0 bytes, Stack size 0 bytes, startup_stm32h563xx.o(.text))
<BR>[Address Reference Count : 1]<UL><LI> startup_stm32h563xx.o(RESET)
</UL>
<P><STRONG><a name="[62]"></a>UCPD1_IRQHandler</STRONG> (Thumb, 0 bytes, Stack size 0 bytes, startup_stm32h563xx.o(.text))
<BR>[Address Reference Count : 1]<UL><LI> startup_stm32h563xx.o(RESET)
</UL>
<P><STRONG><a name="[6c]"></a>USART10_IRQHandler</STRONG> (Thumb, 0 bytes, Stack size 0 bytes, startup_stm32h563xx.o(.text))
<BR>[Address Reference Count : 1]<UL><LI> startup_stm32h563xx.o(RESET)
</UL>
<P><STRONG><a name="[6d]"></a>USART11_IRQHandler</STRONG> (Thumb, 0 bytes, Stack size 0 bytes, startup_stm32h563xx.o(.text))
<BR>[Address Reference Count : 1]<UL><LI> startup_stm32h563xx.o(RESET)
</UL>
<P><STRONG><a name="[51]"></a>USART2_IRQHandler</STRONG> (Thumb, 0 bytes, Stack size 0 bytes, startup_stm32h563xx.o(.text))
<BR>[Address Reference Count : 1]<UL><LI> startup_stm32h563xx.o(RESET)
</UL>
<P><STRONG><a name="[52]"></a>USART3_IRQHandler</STRONG> (Thumb, 0 bytes, Stack size 0 bytes, startup_stm32h563xx.o(.text))
<BR>[Address Reference Count : 1]<UL><LI> startup_stm32h563xx.o(RESET)
</UL>
<P><STRONG><a name="[6b]"></a>USART6_IRQHandler</STRONG> (Thumb, 0 bytes, Stack size 0 bytes, startup_stm32h563xx.o(.text))
<BR>[Address Reference Count : 1]<UL><LI> startup_stm32h563xx.o(RESET)
</UL>
<P><STRONG><a name="[60]"></a>USB_DRD_FS_IRQHandler</STRONG> (Thumb, 0 bytes, Stack size 0 bytes, startup_stm32h563xx.o(.text))
<BR>[Address Reference Count : 1]<UL><LI> startup_stm32h563xx.o(RESET)
</UL>
<P><STRONG><a name="[17]"></a>WWDG_IRQHandler</STRONG> (Thumb, 0 bytes, Stack size 0 bytes, startup_stm32h563xx.o(.text))
<BR>[Address Reference Count : 1]<UL><LI> startup_stm32h563xx.o(RESET)
</UL>
<P><STRONG><a name="[b9]"></a>__aeabi_uldivmod</STRONG> (Thumb, 98 bytes, Stack size 40 bytes, uldiv.o(.text))
<BR><BR>[Stack]<UL><LI>Max Depth = 40<LI>Call Chain = __aeabi_uldivmod
</UL>
<BR>[Calls]<UL><LI><a href="#[ba]">&gt;&gt;</a>&nbsp;&nbsp;&nbsp;__aeabi_llsr
<LI><a href="#[bb]">&gt;&gt;</a>&nbsp;&nbsp;&nbsp;__aeabi_llsl
</UL>
<BR>[Called By]<UL><LI><a href="#[191]">&gt;&gt;</a>&nbsp;&nbsp;&nbsp;UART_SetConfig
<LI><a href="#[247]">&gt;&gt;</a>&nbsp;&nbsp;&nbsp;_printf_core
<LI><a href="#[253]">&gt;&gt;</a>&nbsp;&nbsp;&nbsp;_fp_digits
</UL>

<P><STRONG><a name="[20d]"></a>__aeabi_memcpy</STRONG> (Thumb, 36 bytes, Stack size 0 bytes, memcpya.o(.text))
<BR><BR>[Called By]<UL><LI><a href="#[201]">&gt;&gt;</a>&nbsp;&nbsp;&nbsp;fdcan_get_right_motor_sys_torque
<LI><a href="#[200]">&gt;&gt;</a>&nbsp;&nbsp;&nbsp;fdcan_get_sysmode_r
<LI><a href="#[e0]">&gt;&gt;</a>&nbsp;&nbsp;&nbsp;fdcan_get_syspower_flag_r
<LI><a href="#[1fe]">&gt;&gt;</a>&nbsp;&nbsp;&nbsp;fdcan_get_left_motor_sys_torque
<LI><a href="#[1fc]">&gt;&gt;</a>&nbsp;&nbsp;&nbsp;fdcan_get_sysmode
<LI><a href="#[df]">&gt;&gt;</a>&nbsp;&nbsp;&nbsp;fdcan_get_syspower_flag
<LI><a href="#[d4]">&gt;&gt;</a>&nbsp;&nbsp;&nbsp;fdcan_get_right_motor_data
<LI><a href="#[d3]">&gt;&gt;</a>&nbsp;&nbsp;&nbsp;fdcan_get_left_motor_data
<LI><a href="#[d1]">&gt;&gt;</a>&nbsp;&nbsp;&nbsp;fdcan_get_battery_data
</UL>

<P><STRONG><a name="[25e]"></a>__aeabi_memcpy4</STRONG> (Thumb, 0 bytes, Stack size 0 bytes, memcpya.o(.text), UNUSED)

<P><STRONG><a name="[25f]"></a>__aeabi_memcpy8</STRONG> (Thumb, 0 bytes, Stack size 0 bytes, memcpya.o(.text), UNUSED)

<P><STRONG><a name="[bd]"></a>__aeabi_memset</STRONG> (Thumb, 14 bytes, Stack size 0 bytes, memseta.o(.text))
<BR><BR>[Called By]<UL><LI><a href="#[be]">&gt;&gt;</a>&nbsp;&nbsp;&nbsp;_memset$wrapper
<LI><a href="#[bc]">&gt;&gt;</a>&nbsp;&nbsp;&nbsp;__aeabi_memclr
</UL>

<P><STRONG><a name="[260]"></a>__aeabi_memset4</STRONG> (Thumb, 0 bytes, Stack size 0 bytes, memseta.o(.text), UNUSED)

<P><STRONG><a name="[261]"></a>__aeabi_memset8</STRONG> (Thumb, 0 bytes, Stack size 0 bytes, memseta.o(.text), UNUSED)

<P><STRONG><a name="[bc]"></a>__aeabi_memclr</STRONG> (Thumb, 4 bytes, Stack size 0 bytes, memseta.o(.text))
<BR><BR>[Calls]<UL><LI><a href="#[bd]">&gt;&gt;</a>&nbsp;&nbsp;&nbsp;__aeabi_memset
</UL>
<BR>[Called By]<UL><LI><a href="#[3]">&gt;&gt;</a>&nbsp;&nbsp;&nbsp;platform_fdcan_read
<LI><a href="#[0]">&gt;&gt;</a>&nbsp;&nbsp;&nbsp;platform_fdcan_init
</UL>

<P><STRONG><a name="[1df]"></a>__aeabi_memclr4</STRONG> (Thumb, 0 bytes, Stack size 0 bytes, memseta.o(.text))
<BR><BR>[Called By]<UL><LI><a href="#[1fa]">&gt;&gt;</a>&nbsp;&nbsp;&nbsp;SystemClock_Config
<LI><a href="#[1de]">&gt;&gt;</a>&nbsp;&nbsp;&nbsp;Platform_FDCAN_RecoverBusOff
<LI><a href="#[3]">&gt;&gt;</a>&nbsp;&nbsp;&nbsp;platform_fdcan_read
<LI><a href="#[2]">&gt;&gt;</a>&nbsp;&nbsp;&nbsp;platform_fdcan_write
<LI><a href="#[1]">&gt;&gt;</a>&nbsp;&nbsp;&nbsp;platform_fdcan_callback
</UL>

<P><STRONG><a name="[131]"></a>__aeabi_memclr8</STRONG> (Thumb, 0 bytes, Stack size 0 bytes, memseta.o(.text))
<BR><BR>[Called By]<UL><LI><a href="#[18f]">&gt;&gt;</a>&nbsp;&nbsp;&nbsp;HAL_UART_MspInit
<LI><a href="#[16b]">&gt;&gt;</a>&nbsp;&nbsp;&nbsp;HAL_SPI_MspInit
<LI><a href="#[12b]">&gt;&gt;</a>&nbsp;&nbsp;&nbsp;HAL_ADC_MspInit
<LI><a href="#[1dd]">&gt;&gt;</a>&nbsp;&nbsp;&nbsp;PeriphCommonClock_Config
<LI><a href="#[1ee]">&gt;&gt;</a>&nbsp;&nbsp;&nbsp;Scheduler_List_Init
</UL>

<P><STRONG><a name="[be]"></a>_memset$wrapper</STRONG> (Thumb, 18 bytes, Stack size 8 bytes, memseta.o(.text), UNUSED)
<BR><BR>[Calls]<UL><LI><a href="#[bd]">&gt;&gt;</a>&nbsp;&nbsp;&nbsp;__aeabi_memset
</UL>

<P><STRONG><a name="[225]"></a>strncpy</STRONG> (Thumb, 24 bytes, Stack size 8 bytes, strncpy.o(.text))
<BR><BR>[Stack]<UL><LI>Max Depth = 8<LI>Call Chain = strncpy
</UL>
<BR>[Called By]<UL><LI><a href="#[1e8]">&gt;&gt;</a>&nbsp;&nbsp;&nbsp;prvInitTaskTCB
</UL>

<P><STRONG><a name="[228]"></a>strcmp</STRONG> (Thumb, 28 bytes, Stack size 8 bytes, strcmp.o(.text))
<BR><BR>[Stack]<UL><LI>Max Depth = 8<LI>Call Chain = strcmp
</UL>
<BR>[Called By]<UL><LI><a href="#[b3]">&gt;&gt;</a>&nbsp;&nbsp;&nbsp;shellSetVariable
<LI><a href="#[234]">&gt;&gt;</a>&nbsp;&nbsp;&nbsp;shellGetVariable
<LI><a href="#[b5]">&gt;&gt;</a>&nbsp;&nbsp;&nbsp;shellHelp
<LI><a href="#[235]">&gt;&gt;</a>&nbsp;&nbsp;&nbsp;shellHistoryAdd
<LI><a href="#[aa]">&gt;&gt;</a>&nbsp;&nbsp;&nbsp;shellEnter
<LI><a href="#[b2]">&gt;&gt;</a>&nbsp;&nbsp;&nbsp;set
</UL>

<P><STRONG><a name="[226]"></a>strcpy</STRONG> (Thumb, 18 bytes, Stack size 0 bytes, strcpy.o(.text))
<BR><BR>[Called By]<UL><LI><a href="#[1e8]">&gt;&gt;</a>&nbsp;&nbsp;&nbsp;prvInitTaskTCB
</UL>

<P><STRONG><a name="[229]"></a>__aeabi_f2d</STRONG> (Thumb, 38 bytes, Stack size 0 bytes, f2d.o(.text))
<BR><BR>[Called By]<UL><LI><a href="#[b2]">&gt;&gt;</a>&nbsp;&nbsp;&nbsp;set
</UL>

<P><STRONG><a name="[262]"></a>__aeabi_uidiv</STRONG> (Thumb, 0 bytes, Stack size 12 bytes, uidiv.o(.text), UNUSED)

<P><STRONG><a name="[257]"></a>__aeabi_uidivmod</STRONG> (Thumb, 44 bytes, Stack size 12 bytes, uidiv.o(.text), UNUSED)
<BR><BR>[Called By]<UL><LI><a href="#[247]">&gt;&gt;</a>&nbsp;&nbsp;&nbsp;_printf_core
</UL>

<P><STRONG><a name="[bb]"></a>__aeabi_llsl</STRONG> (Thumb, 30 bytes, Stack size 0 bytes, llshl.o(.text))
<BR><BR>[Called By]<UL><LI><a href="#[c1]">&gt;&gt;</a>&nbsp;&nbsp;&nbsp;_double_epilogue
<LI><a href="#[bf]">&gt;&gt;</a>&nbsp;&nbsp;&nbsp;__aeabi_dadd
<LI><a href="#[c7]">&gt;&gt;</a>&nbsp;&nbsp;&nbsp;__aeabi_d2ulz
<LI><a href="#[b9]">&gt;&gt;</a>&nbsp;&nbsp;&nbsp;__aeabi_uldivmod
</UL>

<P><STRONG><a name="[263]"></a>_ll_shift_l</STRONG> (Thumb, 0 bytes, Stack size 0 bytes, llshl.o(.text), UNUSED)

<P><STRONG><a name="[ba]"></a>__aeabi_llsr</STRONG> (Thumb, 32 bytes, Stack size 0 bytes, llushr.o(.text))
<BR><BR>[Called By]<UL><LI><a href="#[c1]">&gt;&gt;</a>&nbsp;&nbsp;&nbsp;_double_epilogue
<LI><a href="#[c7]">&gt;&gt;</a>&nbsp;&nbsp;&nbsp;__aeabi_d2ulz
<LI><a href="#[b9]">&gt;&gt;</a>&nbsp;&nbsp;&nbsp;__aeabi_uldivmod
</UL>

<P><STRONG><a name="[264]"></a>_ll_ushift_r</STRONG> (Thumb, 0 bytes, Stack size 0 bytes, llushr.o(.text), UNUSED)

<P><STRONG><a name="[265]"></a>__I$use$fp</STRONG> (Thumb, 0 bytes, Stack size 48 bytes, iusefp.o(.text), UNUSED)

<P><STRONG><a name="[bf]"></a>__aeabi_dadd</STRONG> (Thumb, 322 bytes, Stack size 48 bytes, dadd.o(.text), UNUSED)
<BR><BR>[Calls]<UL><LI><a href="#[c0]">&gt;&gt;</a>&nbsp;&nbsp;&nbsp;__aeabi_lasr
<LI><a href="#[c2]">&gt;&gt;</a>&nbsp;&nbsp;&nbsp;_double_round
<LI><a href="#[c1]">&gt;&gt;</a>&nbsp;&nbsp;&nbsp;_double_epilogue
<LI><a href="#[bb]">&gt;&gt;</a>&nbsp;&nbsp;&nbsp;__aeabi_llsl
</UL>
<BR>[Called By]<UL><LI><a href="#[c4]">&gt;&gt;</a>&nbsp;&nbsp;&nbsp;__aeabi_drsub
<LI><a href="#[c3]">&gt;&gt;</a>&nbsp;&nbsp;&nbsp;__aeabi_dsub
<LI><a href="#[253]">&gt;&gt;</a>&nbsp;&nbsp;&nbsp;_fp_digits
</UL>

<P><STRONG><a name="[c3]"></a>__aeabi_dsub</STRONG> (Thumb, 6 bytes, Stack size 0 bytes, dadd.o(.text), UNUSED)
<BR><BR>[Calls]<UL><LI><a href="#[bf]">&gt;&gt;</a>&nbsp;&nbsp;&nbsp;__aeabi_dadd
</UL>

<P><STRONG><a name="[c4]"></a>__aeabi_drsub</STRONG> (Thumb, 6 bytes, Stack size 0 bytes, dadd.o(.text), UNUSED)
<BR><BR>[Calls]<UL><LI><a href="#[bf]">&gt;&gt;</a>&nbsp;&nbsp;&nbsp;__aeabi_dadd
</UL>

<P><STRONG><a name="[c5]"></a>__aeabi_dmul</STRONG> (Thumb, 228 bytes, Stack size 48 bytes, dmul.o(.text), UNUSED)
<BR><BR>[Calls]<UL><LI><a href="#[c1]">&gt;&gt;</a>&nbsp;&nbsp;&nbsp;_double_epilogue
</UL>
<BR>[Called By]<UL><LI><a href="#[253]">&gt;&gt;</a>&nbsp;&nbsp;&nbsp;_fp_digits
</UL>

<P><STRONG><a name="[c6]"></a>__aeabi_ddiv</STRONG> (Thumb, 222 bytes, Stack size 32 bytes, ddiv.o(.text), UNUSED)
<BR><BR>[Calls]<UL><LI><a href="#[c2]">&gt;&gt;</a>&nbsp;&nbsp;&nbsp;_double_round
</UL>
<BR>[Called By]<UL><LI><a href="#[253]">&gt;&gt;</a>&nbsp;&nbsp;&nbsp;_fp_digits
</UL>

<P><STRONG><a name="[c7]"></a>__aeabi_d2ulz</STRONG> (Thumb, 48 bytes, Stack size 0 bytes, dfixul.o(.text), UNUSED)
<BR><BR>[Calls]<UL><LI><a href="#[ba]">&gt;&gt;</a>&nbsp;&nbsp;&nbsp;__aeabi_llsr
<LI><a href="#[bb]">&gt;&gt;</a>&nbsp;&nbsp;&nbsp;__aeabi_llsl
</UL>
<BR>[Called By]<UL><LI><a href="#[253]">&gt;&gt;</a>&nbsp;&nbsp;&nbsp;_fp_digits
</UL>

<P><STRONG><a name="[254]"></a>__aeabi_cdrcmple</STRONG> (Thumb, 48 bytes, Stack size 0 bytes, cdrcmple.o(.text), UNUSED)
<BR><BR>[Called By]<UL><LI><a href="#[253]">&gt;&gt;</a>&nbsp;&nbsp;&nbsp;_fp_digits
</UL>

<P><STRONG><a name="[266]"></a>__fp_status</STRONG> (Thumb, 4 bytes, Stack size 0 bytes, fpstat.o(.text), UNUSED)

<P><STRONG><a name="[250]"></a>__ieee_status</STRONG> (Thumb, 0 bytes, Stack size 0 bytes, fpstat.o(.text))
<BR><BR>[Called By]<UL><LI><a href="#[ed]">&gt;&gt;</a>&nbsp;&nbsp;&nbsp;__hardfp_powf
</UL>

<P><STRONG><a name="[b8]"></a>__scatterload</STRONG> (Thumb, 38 bytes, Stack size 0 bytes, init.o(.text))
<BR><BR>[Calls]<UL><LI><a href="#[c8]">&gt;&gt;</a>&nbsp;&nbsp;&nbsp;__main_after_scatterload
</UL>
<BR>[Called By]<UL><LI><a href="#[b7]">&gt;&gt;</a>&nbsp;&nbsp;&nbsp;_main_scatterload
</UL>

<P><STRONG><a name="[267]"></a>__scatterload_rt2</STRONG> (Thumb, 0 bytes, Stack size 0 bytes, init.o(.text), UNUSED)

<P><STRONG><a name="[c0]"></a>__aeabi_lasr</STRONG> (Thumb, 36 bytes, Stack size 0 bytes, llsshr.o(.text), UNUSED)
<BR><BR>[Called By]<UL><LI><a href="#[bf]">&gt;&gt;</a>&nbsp;&nbsp;&nbsp;__aeabi_dadd
</UL>

<P><STRONG><a name="[268]"></a>_ll_sshift_r</STRONG> (Thumb, 0 bytes, Stack size 0 bytes, llsshr.o(.text), UNUSED)

<P><STRONG><a name="[c2]"></a>_double_round</STRONG> (Thumb, 30 bytes, Stack size 8 bytes, depilogue.o(.text), UNUSED)
<BR><BR>[Called By]<UL><LI><a href="#[c1]">&gt;&gt;</a>&nbsp;&nbsp;&nbsp;_double_epilogue
<LI><a href="#[c6]">&gt;&gt;</a>&nbsp;&nbsp;&nbsp;__aeabi_ddiv
<LI><a href="#[bf]">&gt;&gt;</a>&nbsp;&nbsp;&nbsp;__aeabi_dadd
</UL>

<P><STRONG><a name="[c1]"></a>_double_epilogue</STRONG> (Thumb, 156 bytes, Stack size 32 bytes, depilogue.o(.text), UNUSED)
<BR><BR>[Calls]<UL><LI><a href="#[c2]">&gt;&gt;</a>&nbsp;&nbsp;&nbsp;_double_round
<LI><a href="#[ba]">&gt;&gt;</a>&nbsp;&nbsp;&nbsp;__aeabi_llsr
<LI><a href="#[bb]">&gt;&gt;</a>&nbsp;&nbsp;&nbsp;__aeabi_llsl
</UL>
<BR>[Called By]<UL><LI><a href="#[c5]">&gt;&gt;</a>&nbsp;&nbsp;&nbsp;__aeabi_dmul
<LI><a href="#[bf]">&gt;&gt;</a>&nbsp;&nbsp;&nbsp;__aeabi_dadd
</UL>

<P><STRONG><a name="[269]"></a>__decompress</STRONG> (Thumb, 0 bytes, Stack size unknown bytes, __dczerorl2.o(.text), UNUSED)

<P><STRONG><a name="[26a]"></a>__decompress1</STRONG> (Thumb, 86 bytes, Stack size unknown bytes, __dczerorl2.o(.text), UNUSED)

<P><STRONG><a name="[c9]"></a>APP_Control_SetBleSystemMode</STRONG> (Thumb, 98 bytes, Stack size 32 bytes, app_control.o(.text.APP_Control_SetBleSystemMode))
<BR><BR>[Stack]<UL><LI>Max Depth = 120<LI>Call Chain = APP_Control_SetBleSystemMode &rArr; app_control_send_command_timeout &rArr; app_control_send_setting_command &rArr; APP_FDCAN_SendMotorControl &rArr; fdcan_write
</UL>
<BR>[Calls]<UL><LI><a href="#[ca]">&gt;&gt;</a>&nbsp;&nbsp;&nbsp;app_control_send_command_timeout
</UL>
<BR>[Called By]<UL><LI><a href="#[b1]">&gt;&gt;</a>&nbsp;&nbsp;&nbsp;mode
</UL>

<P><STRONG><a name="[cb]"></a>APP_Control_StartAlgorithmCalibrationLight</STRONG> (Thumb, 92 bytes, Stack size 32 bytes, app_control.o(.text.APP_Control_StartAlgorithmCalibrationLight))
<BR><BR>[Stack]<UL><LI>Max Depth = 120<LI>Call Chain = APP_Control_StartAlgorithmCalibrationLight &rArr; app_control_send_command_timeout &rArr; app_control_send_setting_command &rArr; APP_FDCAN_SendMotorControl &rArr; fdcan_write
</UL>
<BR>[Calls]<UL><LI><a href="#[ca]">&gt;&gt;</a>&nbsp;&nbsp;&nbsp;app_control_send_command_timeout
</UL>
<BR>[Called By]<UL><LI><a href="#[1f3]">&gt;&gt;</a>&nbsp;&nbsp;&nbsp;Sys_Init
</UL>

<P><STRONG><a name="[cc]"></a>APP_FDCAN_Init</STRONG> (Thumb, 16 bytes, Stack size 16 bytes, app_fdcan.o(.text.APP_FDCAN_Init))
<BR><BR>[Stack]<UL><LI>Max Depth = 32<LI>Call Chain = APP_FDCAN_Init &rArr; fdcan_init
</UL>
<BR>[Calls]<UL><LI><a href="#[cd]">&gt;&gt;</a>&nbsp;&nbsp;&nbsp;fdcan_init
</UL>
<BR>[Called By]<UL><LI><a href="#[1f3]">&gt;&gt;</a>&nbsp;&nbsp;&nbsp;Sys_Init
</UL>

<P><STRONG><a name="[ce]"></a>APP_FDCAN_SendMotorControl</STRONG> (Thumb, 74 bytes, Stack size 24 bytes, app_fdcan.o(.text.APP_FDCAN_SendMotorControl))
<BR><BR>[Stack]<UL><LI>Max Depth = 48<LI>Call Chain = APP_FDCAN_SendMotorControl &rArr; fdcan_write
</UL>
<BR>[Calls]<UL><LI><a href="#[cf]">&gt;&gt;</a>&nbsp;&nbsp;&nbsp;fdcan_write
</UL>
<BR>[Called By]<UL><LI><a href="#[208]">&gt;&gt;</a>&nbsp;&nbsp;&nbsp;app_control_send_setting_command
</UL>

<P><STRONG><a name="[a1]"></a>APP_FDCAN_Task</STRONG> (Thumb, 310 bytes, Stack size 24 bytes, app_fdcan.o(.text.APP_FDCAN_Task))
<BR><BR>[Stack]<UL><LI>Max Depth = 136<LI>Call Chain = APP_FDCAN_Task &rArr; fdcan_recover_busoff &rArr; Platform_FDCAN_RecoverBusOff &rArr; platform_fdcan_activate_notifications &rArr; HAL_FDCAN_ActivateNotification
</UL>
<BR>[Calls]<UL><LI><a href="#[d6]">&gt;&gt;</a>&nbsp;&nbsp;&nbsp;HAL_GetTick
<LI><a href="#[d4]">&gt;&gt;</a>&nbsp;&nbsp;&nbsp;fdcan_get_right_motor_data
<LI><a href="#[d3]">&gt;&gt;</a>&nbsp;&nbsp;&nbsp;fdcan_get_left_motor_data
<LI><a href="#[d1]">&gt;&gt;</a>&nbsp;&nbsp;&nbsp;fdcan_get_battery_data
<LI><a href="#[d0]">&gt;&gt;</a>&nbsp;&nbsp;&nbsp;fdcan_recover_busoff
<LI><a href="#[cf]">&gt;&gt;</a>&nbsp;&nbsp;&nbsp;fdcan_write
<LI><a href="#[d2]">&gt;&gt;</a>&nbsp;&nbsp;&nbsp;User_Battery_Level_Update
<LI><a href="#[d5]">&gt;&gt;</a>&nbsp;&nbsp;&nbsp;User_Motor_Data_Update
</UL>
<BR>[Address Reference Count : 1]<UL><LI> drvexo_scheduler.o(.text.Scheduler_Init)
</UL>
<P><STRONG><a name="[a3]"></a>APP_LED_TASK</STRONG> (Thumb, 62 bytes, Stack size 16 bytes, app_led.o(.text.APP_LED_TASK))
<BR><BR>[Stack]<UL><LI>Max Depth = 32<LI>Call Chain = APP_LED_TASK &rArr; Device_LED_Toggle
</UL>
<BR>[Calls]<UL><LI><a href="#[d7]">&gt;&gt;</a>&nbsp;&nbsp;&nbsp;Device_LED_Toggle
</UL>
<BR>[Address Reference Count : 1]<UL><LI> drvexo_scheduler.o(.text.Scheduler_Init)
</UL>
<P><STRONG><a name="[d8]"></a>APP_LowPower_EarlyWakeConfirm</STRONG> (Thumb, 246 bytes, Stack size 24 bytes, app_lowpower.o(.text.APP_LowPower_EarlyWakeConfirm))
<BR><BR>[Stack]<UL><LI>Max Depth = 148<LI>Call Chain = APP_LowPower_EarlyWakeConfirm &rArr; app_lowpower_enter_standby &rArr; Device_WakeupKeys_Init &rArr; Platform_WakeupKeys_Init &rArr; HAL_GPIO_Init
</UL>
<BR>[Calls]<UL><LI><a href="#[d6]">&gt;&gt;</a>&nbsp;&nbsp;&nbsp;HAL_GetTick
<LI><a href="#[dc]">&gt;&gt;</a>&nbsp;&nbsp;&nbsp;HAL_Delay
<LI><a href="#[dd]">&gt;&gt;</a>&nbsp;&nbsp;&nbsp;HAL_PWREx_DisableWakeUpPin
<LI><a href="#[d9]">&gt;&gt;</a>&nbsp;&nbsp;&nbsp;app_lowpower_enter_standby
<LI><a href="#[db]">&gt;&gt;</a>&nbsp;&nbsp;&nbsp;Device_WakeupKeys_Read
<LI><a href="#[da]">&gt;&gt;</a>&nbsp;&nbsp;&nbsp;Device_WakeupKeys_Init
</UL>
<BR>[Called By]<UL><LI><a href="#[1f3]">&gt;&gt;</a>&nbsp;&nbsp;&nbsp;Sys_Init
</UL>

<P><STRONG><a name="[de]"></a>APP_LowPower_Init</STRONG> (Thumb, 20 bytes, Stack size 8 bytes, app_lowpower.o(.text.APP_LowPower_Init))
<BR><BR>[Stack]<UL><LI>Max Depth = 84<LI>Call Chain = APP_LowPower_Init &rArr; Device_WakeupKeys_Init &rArr; Platform_WakeupKeys_Init &rArr; HAL_GPIO_Init
</UL>
<BR>[Calls]<UL><LI><a href="#[da]">&gt;&gt;</a>&nbsp;&nbsp;&nbsp;Device_WakeupKeys_Init
</UL>
<BR>[Called By]<UL><LI><a href="#[1f3]">&gt;&gt;</a>&nbsp;&nbsp;&nbsp;Sys_Init
</UL>

<P><STRONG><a name="[a4]"></a>APP_LowPower_Task</STRONG> (Thumb, 128 bytes, Stack size 16 bytes, app_lowpower.o(.text.APP_LowPower_Task))
<BR><BR>[Stack]<UL><LI>Max Depth = 140<LI>Call Chain = APP_LowPower_Task &rArr; app_lowpower_enter_standby &rArr; Device_WakeupKeys_Init &rArr; Platform_WakeupKeys_Init &rArr; HAL_GPIO_Init
</UL>
<BR>[Calls]<UL><LI><a href="#[e0]">&gt;&gt;</a>&nbsp;&nbsp;&nbsp;fdcan_get_syspower_flag_r
<LI><a href="#[df]">&gt;&gt;</a>&nbsp;&nbsp;&nbsp;fdcan_get_syspower_flag
<LI><a href="#[d9]">&gt;&gt;</a>&nbsp;&nbsp;&nbsp;app_lowpower_enter_standby
<LI><a href="#[db]">&gt;&gt;</a>&nbsp;&nbsp;&nbsp;Device_WakeupKeys_Read
</UL>
<BR>[Address Reference Count : 1]<UL><LI> drvexo_scheduler.o(.text.Scheduler_Init)
</UL>
<P><STRONG><a name="[e1]"></a>APP_Voice_PlayBatteryLevel</STRONG> (Thumb, 74 bytes, Stack size 24 bytes, app_voice.o(.text.APP_Voice_PlayBatteryLevel))
<BR><BR>[Stack]<UL><LI>Max Depth = 72<LI>Call Chain = APP_Voice_PlayBatteryLevel &rArr; voicex_play_voice &rArr; voicex_write
</UL>
<BR>[Calls]<UL><LI><a href="#[e2]">&gt;&gt;</a>&nbsp;&nbsp;&nbsp;voicex_play_voice
</UL>
<BR>[Called By]<UL><LI><a href="#[1f3]">&gt;&gt;</a>&nbsp;&nbsp;&nbsp;Sys_Init
</UL>

<P><STRONG><a name="[a2]"></a>APP_Voice_Task</STRONG> (Thumb, 116 bytes, Stack size 16 bytes, app_voice.o(.text.APP_Voice_Task))
<BR><BR>[Stack]<UL><LI>Max Depth = 72<LI>Call Chain = APP_Voice_Task &rArr; app_voice_process_queue &rArr; voicex_play_voice &rArr; voicex_write
</UL>
<BR>[Calls]<UL><LI><a href="#[d6]">&gt;&gt;</a>&nbsp;&nbsp;&nbsp;HAL_GetTick
<LI><a href="#[e3]">&gt;&gt;</a>&nbsp;&nbsp;&nbsp;app_voice_process_queue
</UL>
<BR>[Address Reference Count : 1]<UL><LI> drvexo_scheduler.o(.text.Scheduler_Init)
</UL>
<P><STRONG><a name="[10]"></a>BusFault_Handler</STRONG> (Thumb, 4 bytes, Stack size 0 bytes, stm32h5xx_it.o(.text.BusFault_Handler))
<BR>[Address Reference Count : 1]<UL><LI> startup_stm32h563xx.o(RESET)
</UL>
<P><STRONG><a name="[1aa]"></a>DRVEXOAhrsGetQuaternion</STRONG> (Thumb, 42 bytes, Stack size 20 bytes, drvexoahrs.o(.text.DRVEXOAhrsGetQuaternion))
<BR><BR>[Stack]<UL><LI>Max Depth = 20<LI>Call Chain = DRVEXOAhrsGetQuaternion
</UL>
<BR>[Called By]<UL><LI><a href="#[1a9]">&gt;&gt;</a>&nbsp;&nbsp;&nbsp;User_IMU_Data_Update
<LI><a href="#[1a8]">&gt;&gt;</a>&nbsp;&nbsp;&nbsp;IMU_Update
</UL>

<P><STRONG><a name="[e4]"></a>DRVEXOAhrsInitialise</STRONG> (Thumb, 30 bytes, Stack size 16 bytes, drvexoahrs.o(.text.DRVEXOAhrsInitialise))
<BR><BR>[Stack]<UL><LI>Max Depth = 84<LI>Call Chain = DRVEXOAhrsInitialise &rArr; DRVEXOAhrsSetSettings &rArr; __hardfp_sinf &rArr; __mathlib_rredf2
</UL>
<BR>[Calls]<UL><LI><a href="#[e6]">&gt;&gt;</a>&nbsp;&nbsp;&nbsp;DRVEXOAhrsReset
<LI><a href="#[e5]">&gt;&gt;</a>&nbsp;&nbsp;&nbsp;DRVEXOAhrsSetSettings
</UL>
<BR>[Called By]<UL><LI><a href="#[19a]">&gt;&gt;</a>&nbsp;&nbsp;&nbsp;IMU_Data_Init
</UL>

<P><STRONG><a name="[e6]"></a>DRVEXOAhrsReset</STRONG> (Thumb, 178 bytes, Stack size 64 bytes, drvexoahrs.o(.text.DRVEXOAhrsReset))
<BR><BR>[Stack]<UL><LI>Max Depth = 64<LI>Call Chain = DRVEXOAhrsReset
</UL>
<BR>[Called By]<UL><LI><a href="#[ee]">&gt;&gt;</a>&nbsp;&nbsp;&nbsp;DRVEXOAhrsUpdate
<LI><a href="#[e4]">&gt;&gt;</a>&nbsp;&nbsp;&nbsp;DRVEXOAhrsInitialise
</UL>

<P><STRONG><a name="[e7]"></a>DRVEXOAhrsSetHeading</STRONG> (Thumb, 236 bytes, Stack size 72 bytes, drvexoahrs.o(.text.DRVEXOAhrsSetHeading))
<BR><BR>[Stack]<UL><LI>Max Depth = 120<LI>Call Chain = DRVEXOAhrsSetHeading &rArr; DRVEXOQuaternionProduct
</UL>
<BR>[Calls]<UL><LI><a href="#[eb]">&gt;&gt;</a>&nbsp;&nbsp;&nbsp;__hardfp_sinf
<LI><a href="#[ea]">&gt;&gt;</a>&nbsp;&nbsp;&nbsp;__hardfp_cosf
<LI><a href="#[e8]">&gt;&gt;</a>&nbsp;&nbsp;&nbsp;__hardfp_atan2f
<LI><a href="#[ec]">&gt;&gt;</a>&nbsp;&nbsp;&nbsp;DRVEXOQuaternionProduct
<LI><a href="#[e9]">&gt;&gt;</a>&nbsp;&nbsp;&nbsp;DRVEXODegreesToRadians
</UL>
<BR>[Called By]<UL><LI><a href="#[fc]">&gt;&gt;</a>&nbsp;&nbsp;&nbsp;DRVEXOAhrsUpdateNoMagnetometer
</UL>

<P><STRONG><a name="[e5]"></a>DRVEXOAhrsSetSettings</STRONG> (Thumb, 344 bytes, Stack size 32 bytes, drvexoahrs.o(.text.DRVEXOAhrsSetSettings))
<BR><BR>[Stack]<UL><LI>Max Depth = 68<LI>Call Chain = DRVEXOAhrsSetSettings &rArr; __hardfp_sinf &rArr; __mathlib_rredf2
</UL>
<BR>[Calls]<UL><LI><a href="#[eb]">&gt;&gt;</a>&nbsp;&nbsp;&nbsp;__hardfp_sinf
<LI><a href="#[ed]">&gt;&gt;</a>&nbsp;&nbsp;&nbsp;__hardfp_powf
<LI><a href="#[e9]">&gt;&gt;</a>&nbsp;&nbsp;&nbsp;DRVEXODegreesToRadians
</UL>
<BR>[Called By]<UL><LI><a href="#[19a]">&gt;&gt;</a>&nbsp;&nbsp;&nbsp;IMU_Data_Init
<LI><a href="#[e4]">&gt;&gt;</a>&nbsp;&nbsp;&nbsp;DRVEXOAhrsInitialise
</UL>

<P><STRONG><a name="[ee]"></a>DRVEXOAhrsUpdate</STRONG> (Thumb, 1316 bytes, Stack size 304 bytes, drvexoahrs.o(.text.DRVEXOAhrsUpdate))
<BR><BR>[Stack]<UL><LI>Max Depth = 460<LI>Call Chain = DRVEXOAhrsUpdate &rArr; Feedback &rArr; DRVEXOVectorNormalise &rArr; DRVEXOVectorNormSquared &rArr; DRVEXOVectorHadamard
</UL>
<BR>[Calls]<UL><LI><a href="#[e6]">&gt;&gt;</a>&nbsp;&nbsp;&nbsp;DRVEXOAhrsReset
<LI><a href="#[fb]">&gt;&gt;</a>&nbsp;&nbsp;&nbsp;DRVEXOQuaternionNormalise
<LI><a href="#[fa]">&gt;&gt;</a>&nbsp;&nbsp;&nbsp;DRVEXOQuaternionAdd
<LI><a href="#[f9]">&gt;&gt;</a>&nbsp;&nbsp;&nbsp;DRVEXOQuaternionVectorProduct
<LI><a href="#[f8]">&gt;&gt;</a>&nbsp;&nbsp;&nbsp;DRVEXOVectorAdd
<LI><a href="#[f7]">&gt;&gt;</a>&nbsp;&nbsp;&nbsp;DRVEXOVectorScale
<LI><a href="#[f6]">&gt;&gt;</a>&nbsp;&nbsp;&nbsp;DRVEXOVectorCross
<LI><a href="#[f5]">&gt;&gt;</a>&nbsp;&nbsp;&nbsp;HalfMagnetic
<LI><a href="#[f4]">&gt;&gt;</a>&nbsp;&nbsp;&nbsp;Clamp
<LI><a href="#[f3]">&gt;&gt;</a>&nbsp;&nbsp;&nbsp;DRVEXOVectorNormSquared
<LI><a href="#[f2]">&gt;&gt;</a>&nbsp;&nbsp;&nbsp;Feedback
<LI><a href="#[f1]">&gt;&gt;</a>&nbsp;&nbsp;&nbsp;DRVEXOVectorNormalise
<LI><a href="#[f0]">&gt;&gt;</a>&nbsp;&nbsp;&nbsp;DRVEXOVectorIsZero
<LI><a href="#[ef]">&gt;&gt;</a>&nbsp;&nbsp;&nbsp;HalfGravity
<LI><a href="#[e9]">&gt;&gt;</a>&nbsp;&nbsp;&nbsp;DRVEXODegreesToRadians
</UL>
<BR>[Called By]<UL><LI><a href="#[fc]">&gt;&gt;</a>&nbsp;&nbsp;&nbsp;DRVEXOAhrsUpdateNoMagnetometer
</UL>

<P><STRONG><a name="[fc]"></a>DRVEXOAhrsUpdateNoMagnetometer</STRONG> (Thumb, 116 bytes, Stack size 56 bytes, drvexoahrs.o(.text.DRVEXOAhrsUpdateNoMagnetometer))
<BR><BR>[Stack]<UL><LI>Max Depth = 516<LI>Call Chain = DRVEXOAhrsUpdateNoMagnetometer &rArr; DRVEXOAhrsUpdate &rArr; Feedback &rArr; DRVEXOVectorNormalise &rArr; DRVEXOVectorNormSquared &rArr; DRVEXOVectorHadamard
</UL>
<BR>[Calls]<UL><LI><a href="#[e7]">&gt;&gt;</a>&nbsp;&nbsp;&nbsp;DRVEXOAhrsSetHeading
<LI><a href="#[ee]">&gt;&gt;</a>&nbsp;&nbsp;&nbsp;DRVEXOAhrsUpdate
</UL>
<BR>[Called By]<UL><LI><a href="#[1a8]">&gt;&gt;</a>&nbsp;&nbsp;&nbsp;IMU_Update
</UL>

<P><STRONG><a name="[19b]"></a>DRVEXOBiasInitialise</STRONG> (Thumb, 72 bytes, Stack size 20 bytes, drvexobias.o(.text.DRVEXOBiasInitialise))
<BR><BR>[Stack]<UL><LI>Max Depth = 20<LI>Call Chain = DRVEXOBiasInitialise
</UL>
<BR>[Called By]<UL><LI><a href="#[19a]">&gt;&gt;</a>&nbsp;&nbsp;&nbsp;IMU_Data_Init
</UL>

<P><STRONG><a name="[ff]"></a>DRVEXOBiasUpdate</STRONG> (Thumb, 320 bytes, Stack size 80 bytes, drvexobias.o(.text.DRVEXOBiasUpdate))
<BR><BR>[Stack]<UL><LI>Max Depth = 116<LI>Call Chain = DRVEXOBiasUpdate &rArr; DRVEXOVectorAdd
</UL>
<BR>[Calls]<UL><LI><a href="#[102]">&gt;&gt;</a>&nbsp;&nbsp;&nbsp;DRVEXOVectorAdd
<LI><a href="#[101]">&gt;&gt;</a>&nbsp;&nbsp;&nbsp;DRVEXOVectorScale
<LI><a href="#[100]">&gt;&gt;</a>&nbsp;&nbsp;&nbsp;DRVEXOVectorSubtract
</UL>
<BR>[Called By]<UL><LI><a href="#[1a4]">&gt;&gt;</a>&nbsp;&nbsp;&nbsp;IMU_PreProcess
</UL>

<P><STRONG><a name="[14]"></a>DebugMon_Handler</STRONG> (Thumb, 2 bytes, Stack size 0 bytes, stm32h5xx_it.o(.text.DebugMon_Handler))
<BR>[Address Reference Count : 1]<UL><LI> startup_stm32h563xx.o(RESET)
</UL>
<P><STRONG><a name="[1f6]"></a>Device_EN_3V3_Write</STRONG> (Thumb, 28 bytes, Stack size 16 bytes, device_io_control.o(.text.Device_EN_3V3_Write))
<BR><BR>[Stack]<UL><LI>Max Depth = 16<LI>Call Chain = Device_EN_3V3_Write
</UL>
<BR>[Called By]<UL><LI><a href="#[1f3]">&gt;&gt;</a>&nbsp;&nbsp;&nbsp;Sys_Init
<LI><a href="#[d9]">&gt;&gt;</a>&nbsp;&nbsp;&nbsp;app_lowpower_enter_standby
</UL>

<P><STRONG><a name="[1f5]"></a>Device_EN_5V_Write</STRONG> (Thumb, 28 bytes, Stack size 16 bytes, device_io_control.o(.text.Device_EN_5V_Write))
<BR><BR>[Stack]<UL><LI>Max Depth = 16<LI>Call Chain = Device_EN_5V_Write
</UL>
<BR>[Called By]<UL><LI><a href="#[1f3]">&gt;&gt;</a>&nbsp;&nbsp;&nbsp;Sys_Init
<LI><a href="#[d9]">&gt;&gt;</a>&nbsp;&nbsp;&nbsp;app_lowpower_enter_standby
</UL>

<P><STRONG><a name="[1f7]"></a>Device_EN_VM_Write</STRONG> (Thumb, 28 bytes, Stack size 16 bytes, device_io_control.o(.text.Device_EN_VM_Write))
[...]
<BR><BR>[Stack]<UL><LI>Max Depth = 16<LI>Call Chain = Clamp
</UL>
<BR>[Called By]<UL><LI><a href="#[ee]">&gt;&gt;</a>&nbsp;&nbsp;&nbsp;DRVEXOAhrsUpdate
</UL>

<P><STRONG><a name="[f5]"></a>HalfMagnetic</STRONG> (Thumb, 388 bytes, Stack size 20 bytes, drvexoahrs.o(.text.HalfMagnetic))
<BR><BR>[Stack]<UL><LI>Max Depth = 20<LI>Call Chain = HalfMagnetic
</UL>
<BR>[Called By]<UL><LI><a href="#[ee]">&gt;&gt;</a>&nbsp;&nbsp;&nbsp;DRVEXOAhrsUpdate
</UL>

<P><STRONG><a name="[f6]"></a>DRVEXOVectorCross</STRONG> (Thumb, 138 bytes, Stack size 36 bytes, drvexoahrs.o(.text.DRVEXOVectorCross))
<BR><BR>[Stack]<UL><LI>Max Depth = 36<LI>Call Chain = DRVEXOVectorCross
</UL>
<BR>[Called By]<UL><LI><a href="#[ee]">&gt;&gt;</a>&nbsp;&nbsp;&nbsp;DRVEXOAhrsUpdate
<LI><a href="#[f2]">&gt;&gt;</a>&nbsp;&nbsp;&nbsp;Feedback
</UL>

<P><STRONG><a name="[f7]"></a>DRVEXOVectorScale</STRONG> (Thumb, 82 bytes, Stack size 28 bytes, drvexoahrs.o(.text.DRVEXOVectorScale))
<BR><BR>[Stack]<UL><LI>Max Depth = 28<LI>Call Chain = DRVEXOVectorScale
</UL>
<BR>[Called By]<UL><LI><a href="#[ee]">&gt;&gt;</a>&nbsp;&nbsp;&nbsp;DRVEXOAhrsUpdate
<LI><a href="#[f1]">&gt;&gt;</a>&nbsp;&nbsp;&nbsp;DRVEXOVectorNormalise
</UL>

<P><STRONG><a name="[f8]"></a>DRVEXOVectorAdd</STRONG> (Thumb, 90 bytes, Stack size 36 bytes, drvexoahrs.o(.text.DRVEXOVectorAdd))
<BR><BR>[Stack]<UL><LI>Max Depth = 36<LI>Call Chain = DRVEXOVectorAdd
</UL>
<BR>[Called By]<UL><LI><a href="#[ee]">&gt;&gt;</a>&nbsp;&nbsp;&nbsp;DRVEXOAhrsUpdate
</UL>

<P><STRONG><a name="[f9]"></a>DRVEXOQuaternionVectorProduct</STRONG> (Thumb, 242 bytes, Stack size 44 bytes, drvexoahrs.o(.text.DRVEXOQuaternionVectorProduct))
<BR><BR>[Stack]<UL><LI>Max Depth = 44<LI>Call Chain = DRVEXOQuaternionVectorProduct
</UL>
<BR>[Called By]<UL><LI><a href="#[ee]">&gt;&gt;</a>&nbsp;&nbsp;&nbsp;DRVEXOAhrsUpdate
</UL>

<P><STRONG><a name="[fa]"></a>DRVEXOQuaternionAdd</STRONG> (Thumb, 118 bytes, Stack size 48 bytes, drvexoahrs.o(.text.DRVEXOQuaternionAdd))
<BR><BR>[Stack]<UL><LI>Max Depth = 48<LI>Call Chain = DRVEXOQuaternionAdd
</UL>
<BR>[Called By]<UL><LI><a href="#[ee]">&gt;&gt;</a>&nbsp;&nbsp;&nbsp;DRVEXOAhrsUpdate
</UL>

<P><STRONG><a name="[fb]"></a>DRVEXOQuaternionNormalise</STRONG> (Thumb, 104 bytes, Stack size 40 bytes, drvexoahrs.o(.text.DRVEXOQuaternionNormalise))
<BR><BR>[Stack]<UL><LI>Max Depth = 128<LI>Call Chain = DRVEXOQuaternionNormalise &rArr; DRVEXOQuaternionNormSquared &rArr; DRVEXOQuaternionHadamard
</UL>
<BR>[Calls]<UL><LI><a href="#[10b]">&gt;&gt;</a>&nbsp;&nbsp;&nbsp;DRVEXOQuaternionScale
<LI><a href="#[107]">&gt;&gt;</a>&nbsp;&nbsp;&nbsp;DRVEXOQuaternionNormSquared
<LI><a href="#[10a]">&gt;&gt;</a>&nbsp;&nbsp;&nbsp;DRVEXOFastInverseSqrt
</UL>
<BR>[Called By]<UL><LI><a href="#[ee]">&gt;&gt;</a>&nbsp;&nbsp;&nbsp;DRVEXOAhrsUpdate
</UL>

<P><STRONG><a name="[10e]"></a>DRVEXOVectorDot</STRONG> (Thumb, 88 bytes, Stack size 48 bytes, drvexoahrs.o(.text.DRVEXOVectorDot))
<BR><BR>[Stack]<UL><LI>Max Depth = 84<LI>Call Chain = DRVEXOVectorDot &rArr; DRVEXOVectorHadamard
</UL>
<BR>[Calls]<UL><LI><a href="#[110]">&gt;&gt;</a>&nbsp;&nbsp;&nbsp;DRVEXOVectorSum
<LI><a href="#[10f]">&gt;&gt;</a>&nbsp;&nbsp;&nbsp;DRVEXOVectorHadamard
</UL>
<BR>[Called By]<UL><LI><a href="#[f2]">&gt;&gt;</a>&nbsp;&nbsp;&nbsp;Feedback
</UL>

<P><STRONG><a name="[10a]"></a>DRVEXOFastInverseSqrt</STRONG> (Thumb, 68 bytes, Stack size 8 bytes, drvexoahrs.o(.text.DRVEXOFastInverseSqrt))
<BR><BR>[Stack]<UL><LI>Max Depth = 8<LI>Call Chain = DRVEXOFastInverseSqrt
</UL>
<BR>[Called By]<UL><LI><a href="#[fb]">&gt;&gt;</a>&nbsp;&nbsp;&nbsp;DRVEXOQuaternionNormalise
<LI><a href="#[f1]">&gt;&gt;</a>&nbsp;&nbsp;&nbsp;DRVEXOVectorNormalise
</UL>

<P><STRONG><a name="[10f]"></a>DRVEXOVectorHadamard</STRONG> (Thumb, 90 bytes, Stack size 36 bytes, drvexoahrs.o(.text.DRVEXOVectorHadamard))
<BR><BR>[Stack]<UL><LI>Max Depth = 36<LI>Call Chain = DRVEXOVectorHadamard
</UL>
<BR>[Called By]<UL><LI><a href="#[10e]">&gt;&gt;</a>&nbsp;&nbsp;&nbsp;DRVEXOVectorDot
<LI><a href="#[f3]">&gt;&gt;</a>&nbsp;&nbsp;&nbsp;DRVEXOVectorNormSquared
</UL>

<P><STRONG><a name="[110]"></a>DRVEXOVectorSum</STRONG> (Thumb, 38 bytes, Stack size 12 bytes, drvexoahrs.o(.text.DRVEXOVectorSum))
<BR><BR>[Stack]<UL><LI>Max Depth = 12<LI>Call Chain = DRVEXOVectorSum
</UL>
<BR>[Called By]<UL><LI><a href="#[10e]">&gt;&gt;</a>&nbsp;&nbsp;&nbsp;DRVEXOVectorDot
<LI><a href="#[f3]">&gt;&gt;</a>&nbsp;&nbsp;&nbsp;DRVEXOVectorNormSquared
</UL>

<P><STRONG><a name="[107]"></a>DRVEXOQuaternionNormSquared</STRONG> (Thumb, 96 bytes, Stack size 40 bytes, drvexoahrs.o(.text.DRVEXOQuaternionNormSquared))
<BR><BR>[Stack]<UL><LI>Max Depth = 88<LI>Call Chain = DRVEXOQuaternionNormSquared &rArr; DRVEXOQuaternionHadamard
</UL>
<BR>[Calls]<UL><LI><a href="#[109]">&gt;&gt;</a>&nbsp;&nbsp;&nbsp;DRVEXOQuaternionSum
<LI><a href="#[108]">&gt;&gt;</a>&nbsp;&nbsp;&nbsp;DRVEXOQuaternionHadamard
</UL>
<BR>[Called By]<UL><LI><a href="#[fb]">&gt;&gt;</a>&nbsp;&nbsp;&nbsp;DRVEXOQuaternionNormalise
</UL>

<P><STRONG><a name="[10b]"></a>DRVEXOQuaternionScale</STRONG> (Thumb, 106 bytes, Stack size 36 bytes, drvexoahrs.o(.text.DRVEXOQuaternionScale))
<BR><BR>[Stack]<UL><LI>Max Depth = 36<LI>Call Chain = DRVEXOQuaternionScale
</UL>
<BR>[Called By]<UL><LI><a href="#[fb]">&gt;&gt;</a>&nbsp;&nbsp;&nbsp;DRVEXOQuaternionNormalise
</UL>

<P><STRONG><a name="[ec]"></a>DRVEXOQuaternionProduct</STRONG> (Thumb, 310 bytes, Stack size 48 bytes, drvexoahrs.o(.text.DRVEXOQuaternionProduct))
<BR><BR>[Stack]<UL><LI>Max Depth = 48<LI>Call Chain = DRVEXOQuaternionProduct
</UL>
<BR>[Called By]<UL><LI><a href="#[e7]">&gt;&gt;</a>&nbsp;&nbsp;&nbsp;DRVEXOAhrsSetHeading
</UL>

<P><STRONG><a name="[108]"></a>DRVEXOQuaternionHadamard</STRONG> (Thumb, 118 bytes, Stack size 48 bytes, drvexoahrs.o(.text.DRVEXOQuaternionHadamard))
<BR><BR>[Stack]<UL><LI>Max Depth = 48<LI>Call Chain = DRVEXOQuaternionHadamard
</UL>
<BR>[Called By]<UL><LI><a href="#[107]">&gt;&gt;</a>&nbsp;&nbsp;&nbsp;DRVEXOQuaternionNormSquared
</UL>

<P><STRONG><a name="[109]"></a>DRVEXOQuaternionSum</STRONG> (Thumb, 50 bytes, Stack size 16 bytes, drvexoahrs.o(.text.DRVEXOQuaternionSum))
<BR><BR>[Stack]<UL><LI>Max Depth = 16<LI>Call Chain = DRVEXOQuaternionSum
</UL>
<BR>[Called By]<UL><LI><a href="#[107]">&gt;&gt;</a>&nbsp;&nbsp;&nbsp;DRVEXOQuaternionNormSquared
</UL>

<P><STRONG><a name="[100]"></a>DRVEXOVectorSubtract</STRONG> (Thumb, 90 bytes, Stack size 36 bytes, drvexobias.o(.text.DRVEXOVectorSubtract))
<BR><BR>[Stack]<UL><LI>Max Depth = 36<LI>Call Chain = DRVEXOVectorSubtract
</UL>
<BR>[Called By]<UL><LI><a href="#[ff]">&gt;&gt;</a>&nbsp;&nbsp;&nbsp;DRVEXOBiasUpdate
</UL>

<P><STRONG><a name="[101]"></a>DRVEXOVectorScale</STRONG> (Thumb, 82 bytes, Stack size 28 bytes, drvexobias.o(.text.DRVEXOVectorScale))
<BR><BR>[Stack]<UL><LI>Max Depth = 28<LI>Call Chain = DRVEXOVectorScale
</UL>
<BR>[Called By]<UL><LI><a href="#[ff]">&gt;&gt;</a>&nbsp;&nbsp;&nbsp;DRVEXOBiasUpdate
</UL>

<P><STRONG><a name="[102]"></a>DRVEXOVectorAdd</STRONG> (Thumb, 90 bytes, Stack size 36 bytes, drvexobias.o(.text.DRVEXOVectorAdd))
<BR><BR>[Stack]<UL><LI>Max Depth = 36<LI>Call Chain = DRVEXOVectorAdd
</UL>
<BR>[Called By]<UL><LI><a href="#[ff]">&gt;&gt;</a>&nbsp;&nbsp;&nbsp;DRVEXOBiasUpdate
</UL>

<P><STRONG><a name="[1fd]"></a>User_Motor_System_Mode_Convert</STRONG> (Thumb, 78 bytes, Stack size 8 bytes, user_data.o(.text.User_Motor_System_Mode_Convert))
<BR><BR>[Stack]<UL><LI>Max Depth = 8<LI>Call Chain = User_Motor_System_Mode_Convert
</UL>
<BR>[Called By]<UL><LI><a href="#[d5]">&gt;&gt;</a>&nbsp;&nbsp;&nbsp;User_Motor_Data_Update
</UL>

<P><STRONG><a name="[1ff]"></a>User_Motor_Torque_Level_Convert</STRONG> (Thumb, 92 bytes, Stack size 8 bytes, user_data.o(.text.User_Motor_Torque_Level_Convert))
<BR><BR>[Stack]<UL><LI>Max Depth = 8<LI>Call Chain = User_Motor_Torque_Level_Convert
</UL>
<BR>[Called By]<UL><LI><a href="#[d5]">&gt;&gt;</a>&nbsp;&nbsp;&nbsp;User_Motor_Data_Update
</UL>

<P><STRONG><a name="[227]"></a>__NVIC_SystemReset</STRONG> (Thumb, 38 bytes, Stack size 0 bytes, cmd.o(.text.__NVIC_SystemReset))
<BR><BR>[Called By]<UL><LI><a href="#[ae]">&gt;&gt;</a>&nbsp;&nbsp;&nbsp;reboot
</UL>

<P><STRONG><a name="[aa]"></a>shellEnter</STRONG> (Thumb, 624 bytes, Stack size 40 bytes, shell.o(.text.shellEnter))
<BR><BR>[Stack]<UL><LI>Max Depth = 284<LI>Call Chain = shellEnter &rArr; shellExtRun &rArr; shellExtParsePara &rArr; shellExtParseNumber &rArr; shellExtNumType
</UL>
<BR>[Calls]<UL><LI><a href="#[228]">&gt;&gt;</a>&nbsp;&nbsp;&nbsp;strcmp
<LI><a href="#[236]">&gt;&gt;</a>&nbsp;&nbsp;&nbsp;shellExtRun
<LI><a href="#[b5]">&gt;&gt;</a>&nbsp;&nbsp;&nbsp;shellHelp
<LI><a href="#[22f]">&gt;&gt;</a>&nbsp;&nbsp;&nbsp;shellDisplay
<LI><a href="#[233]">&gt;&gt;</a>&nbsp;&nbsp;&nbsp;shellDisplayVariable
<LI><a href="#[235]">&gt;&gt;</a>&nbsp;&nbsp;&nbsp;shellHistoryAdd
</UL>
<BR>[Address Reference Count : 1]<UL><LI> shell.o(.rodata.shellDefaultKeyFunctionList)
</UL>
<P><STRONG><a name="[235]"></a>shellHistoryAdd</STRONG> (Thumb, 134 bytes, Stack size 16 bytes, shell.o(.text.shellHistoryAdd))
<BR><BR>[Stack]<UL><LI>Max Depth = 28<LI>Call Chain = shellHistoryAdd &rArr; shellStringCopy
</UL>
<BR>[Calls]<UL><LI><a href="#[228]">&gt;&gt;</a>&nbsp;&nbsp;&nbsp;strcmp
<LI><a href="#[23f]">&gt;&gt;</a>&nbsp;&nbsp;&nbsp;shellStringCopy
</UL>
<BR>[Called By]<UL><LI><a href="#[aa]">&gt;&gt;</a>&nbsp;&nbsp;&nbsp;shellEnter
</UL>

<P><STRONG><a name="[233]"></a>shellDisplayVariable</STRONG> (Thumb, 80 bytes, Stack size 32 bytes, shell.o(.text.shellDisplayVariable))
<BR><BR>[Stack]<UL><LI>Max Depth = 96<LI>Call Chain = shellDisplayVariable &rArr; shellDisplayValue &rArr; shellDisplay
</UL>
<BR>[Calls]<UL><LI><a href="#[234]">&gt;&gt;</a>&nbsp;&nbsp;&nbsp;shellGetVariable
<LI><a href="#[22f]">&gt;&gt;</a>&nbsp;&nbsp;&nbsp;shellDisplay
<LI><a href="#[232]">&gt;&gt;</a>&nbsp;&nbsp;&nbsp;shellDisplayValue
</UL>
<BR>[Called By]<UL><LI><a href="#[b3]">&gt;&gt;</a>&nbsp;&nbsp;&nbsp;shellSetVariable
<LI><a href="#[aa]">&gt;&gt;</a>&nbsp;&nbsp;&nbsp;shellEnter
</UL>

<P><STRONG><a name="[ab]"></a>shellTab</STRONG> (Thumb, 418 bytes, Stack size 32 bytes, shell.o(.text.shellTab))
<BR><BR>[Stack]<UL><LI>Max Depth = 112<LI>Call Chain = shellTab &rArr; shellHelp &rArr; shellDisplayItem &rArr; shellDisplay
</UL>
<BR>[Calls]<UL><LI><a href="#[b5]">&gt;&gt;</a>&nbsp;&nbsp;&nbsp;shellHelp
<LI><a href="#[22f]">&gt;&gt;</a>&nbsp;&nbsp;&nbsp;shellDisplay
<LI><a href="#[23f]">&gt;&gt;</a>&nbsp;&nbsp;&nbsp;shellStringCopy
<LI><a href="#[230]">&gt;&gt;</a>&nbsp;&nbsp;&nbsp;shellClearLine
<LI><a href="#[231]">&gt;&gt;</a>&nbsp;&nbsp;&nbsp;shellDisplayItem
<LI><a href="#[241]">&gt;&gt;</a>&nbsp;&nbsp;&nbsp;shellStringCompare
</UL>
<BR>[Address Reference Count : 1]<UL><LI> shell.o(.rodata.shellDefaultKeyFunctionList)
</UL>
<P><STRONG><a name="[241]"></a>shellStringCompare</STRONG> (Thumb, 110 bytes, Stack size 16 bytes, shell.o(.text.shellStringCompare))
<BR><BR>[Stack]<UL><LI>Max Depth = 16<LI>Call Chain = shellStringCompare
</UL>
<BR>[Called By]<UL><LI><a href="#[ab]">&gt;&gt;</a>&nbsp;&nbsp;&nbsp;shellTab
</UL>

<P><STRONG><a name="[231]"></a>shellDisplayItem</STRONG> (Thumb, 158 bytes, Stack size 24 bytes, shell.o(.text.shellDisplayItem))
<BR><BR>[Stack]<UL><LI>Max Depth = 48<LI>Call Chain = shellDisplayItem &rArr; shellDisplay
</UL>
<BR>[Calls]<UL><LI><a href="#[22f]">&gt;&gt;</a>&nbsp;&nbsp;&nbsp;shellDisplay
</UL>
<BR>[Called By]<UL><LI><a href="#[b5]">&gt;&gt;</a>&nbsp;&nbsp;&nbsp;shellHelp
<LI><a href="#[ab]">&gt;&gt;</a>&nbsp;&nbsp;&nbsp;shellTab
</UL>

<P><STRONG><a name="[230]"></a>shellClearLine</STRONG> (Thumb, 64 bytes, Stack size 16 bytes, shell.o(.text.shellClearLine))
<BR><BR>[Stack]<UL><LI>Max Depth = 56<LI>Call Chain = shellClearLine &rArr; shellDelete &rArr; shellDisplay
</UL>
<BR>[Calls]<UL><LI><a href="#[22c]">&gt;&gt;</a>&nbsp;&nbsp;&nbsp;shellDisplayByte
<LI><a href="#[22d]">&gt;&gt;</a>&nbsp;&nbsp;&nbsp;shellDelete
</UL>
<BR>[Called By]<UL><LI><a href="#[22b]">&gt;&gt;</a>&nbsp;&nbsp;&nbsp;shellHistory
<LI><a href="#[ab]">&gt;&gt;</a>&nbsp;&nbsp;&nbsp;shellTab
</UL>

<P><STRONG><a name="[23f]"></a>shellStringCopy</STRONG> (Thumb, 68 bytes, Stack size 12 bytes, shell.o(.text.shellStringCopy))
<BR><BR>[Stack]<UL><LI>Max Depth = 12<LI>Call Chain = shellStringCopy
</UL>
<BR>[Called By]<UL><LI><a href="#[22b]">&gt;&gt;</a>&nbsp;&nbsp;&nbsp;shellHistory
<LI><a href="#[ab]">&gt;&gt;</a>&nbsp;&nbsp;&nbsp;shellTab
<LI><a href="#[235]">&gt;&gt;</a>&nbsp;&nbsp;&nbsp;shellHistoryAdd
</UL>

<P><STRONG><a name="[ac]"></a>shellBackspace</STRONG> (Thumb, 280 bytes, Stack size 24 bytes, shell.o(.text.shellBackspace))
<BR><BR>[Stack]<UL><LI>Max Depth = 64<LI>Call Chain = shellBackspace &rArr; shellDelete &rArr; shellDisplay
</UL>
<BR>[Calls]<UL><LI><a href="#[22c]">&gt;&gt;</a>&nbsp;&nbsp;&nbsp;shellDisplayByte
<LI><a href="#[22d]">&gt;&gt;</a>&nbsp;&nbsp;&nbsp;shellDelete
</UL>
<BR>[Address Reference Count : 1]<UL><LI> shell.o(.rodata.shellDefaultKeyFunctionList)
</UL>
<P><STRONG><a name="[22d]"></a>shellDelete</STRONG> (Thumb, 46 bytes, Stack size 16 bytes, shell.o(.text.shellDelete))
<BR><BR>[Stack]<UL><LI>Max Depth = 40<LI>Call Chain = shellDelete &rArr; shellDisplay
</UL>
<BR>[Calls]<UL><LI><a href="#[22f]">&gt;&gt;</a>&nbsp;&nbsp;&nbsp;shellDisplay
</UL>
<BR>[Called By]<UL><LI><a href="#[ac]">&gt;&gt;</a>&nbsp;&nbsp;&nbsp;shellBackspace
<LI><a href="#[230]">&gt;&gt;</a>&nbsp;&nbsp;&nbsp;shellClearLine
</UL>

<P><STRONG><a name="[22c]"></a>shellDisplayByte</STRONG> (Thumb, 40 bytes, Stack size 16 bytes, shell.o(.text.shellDisplayByte))
<BR><BR>[Stack]<UL><LI>Max Depth = 16<LI>Call Chain = shellDisplayByte
</UL>
<BR>[Called By]<UL><LI><a href="#[22a]">&gt;&gt;</a>&nbsp;&nbsp;&nbsp;shellAnsi
<LI><a href="#[23e]">&gt;&gt;</a>&nbsp;&nbsp;&nbsp;shellNormal
<LI><a href="#[ac]">&gt;&gt;</a>&nbsp;&nbsp;&nbsp;shellBackspace
<LI><a href="#[230]">&gt;&gt;</a>&nbsp;&nbsp;&nbsp;shellClearLine
</UL>

<P><STRONG><a name="[ad]"></a>shellAnsiStart</STRONG> (Thumb, 24 bytes, Stack size 4 bytes, shell.o(.text.shellAnsiStart))
<BR><BR>[Stack]<UL><LI>Max Depth = 4<LI>Call Chain = shellAnsiStart
</UL>
<BR>[Address Reference Count : 1]<UL><LI> shell.o(.rodata.shellDefaultKeyFunctionList)
</UL>
<P><STRONG><a name="[240]"></a>shellAdd</STRONG> (Thumb, 80 bytes, Stack size 8 bytes, shell.o(.text.shellAdd))
<BR><BR>[Stack]<UL><LI>Max Depth = 8<LI>Call Chain = shellAdd
</UL>
<BR>[Called By]<UL><LI><a href="#[1f0]">&gt;&gt;</a>&nbsp;&nbsp;&nbsp;shellInit
</UL>

<P><STRONG><a name="[22b]"></a>shellHistory</STRONG> (Thumb, 288 bytes, Stack size 32 bytes, shell.o(.text.shellHistory))
<BR><BR>[Stack]<UL><LI>Max Depth = 88<LI>Call Chain = shellHistory &rArr; shellClearLine &rArr; shellDelete &rArr; shellDisplay
</UL>
<BR>[Calls]<UL><LI><a href="#[22f]">&gt;&gt;</a>&nbsp;&nbsp;&nbsp;shellDisplay
<LI><a href="#[23f]">&gt;&gt;</a>&nbsp;&nbsp;&nbsp;shellStringCopy
<LI><a href="#[230]">&gt;&gt;</a>&nbsp;&nbsp;&nbsp;shellClearLine
</UL>
<BR>[Called By]<UL><LI><a href="#[22a]">&gt;&gt;</a>&nbsp;&nbsp;&nbsp;shellAnsi
</UL>

<P><STRONG><a name="[23e]"></a>shellNormal</STRONG> (Thumb, 312 bytes, Stack size 24 bytes, shell.o(.text.shellNormal))
<BR><BR>[Stack]<UL><LI>Max Depth = 48<LI>Call Chain = shellNormal &rArr; shellDisplay
</UL>
<BR>[Calls]<UL><LI><a href="#[22f]">&gt;&gt;</a>&nbsp;&nbsp;&nbsp;shellDisplay
<LI><a href="#[22c]">&gt;&gt;</a>&nbsp;&nbsp;&nbsp;shellDisplayByte
</UL>
<BR>[Called By]<UL><LI><a href="#[23d]">&gt;&gt;</a>&nbsp;&nbsp;&nbsp;shellHandler
</UL>

<P><STRONG><a name="[232]"></a>shellDisplayValue</STRONG> (Thumb, 304 bytes, Stack size 40 bytes, shell.o(.text.shellDisplayValue))
<BR><BR>[Stack]<UL><LI>Max Depth = 64<LI>Call Chain = shellDisplayValue &rArr; shellDisplay
</UL>
<BR>[Calls]<UL><LI><a href="#[22f]">&gt;&gt;</a>&nbsp;&nbsp;&nbsp;shellDisplay
</UL>
<BR>[Called By]<UL><LI><a href="#[233]">&gt;&gt;</a>&nbsp;&nbsp;&nbsp;shellDisplayVariable
</UL>

<P><STRONG><a name="[23b]"></a>shellExtParseChar</STRONG> (Thumb, 142 bytes, Stack size 16 bytes, shell_ext.o(.text.shellExtParseChar))
<BR><BR>[Stack]<UL><LI>Max Depth = 16<LI>Call Chain = shellExtParseChar
</UL>
<BR>[Called By]<UL><LI><a href="#[23a]">&gt;&gt;</a>&nbsp;&nbsp;&nbsp;shellExtParsePara
<LI><a href="#[23c]">&gt;&gt;</a>&nbsp;&nbsp;&nbsp;shellExtParseString
</UL>

<P><STRONG><a name="[237]"></a>shellExtParseNumber</STRONG> (Thumb, 338 bytes, Stack size 56 bytes, shell_ext.o(.text.shellExtParseNumber))
<BR><BR>[Stack]<UL><LI>Max Depth = 68<LI>Call Chain = shellExtParseNumber &rArr; shellExtNumType
</UL>
<BR>[Calls]<UL><LI><a href="#[239]">&gt;&gt;</a>&nbsp;&nbsp;&nbsp;shellExtToNum
<LI><a href="#[238]">&gt;&gt;</a>&nbsp;&nbsp;&nbsp;shellExtNumType
</UL>
<BR>[Called By]<UL><LI><a href="#[23a]">&gt;&gt;</a>&nbsp;&nbsp;&nbsp;shellExtParsePara
</UL>

<P><STRONG><a name="[23c]"></a>shellExtParseString</STRONG> (Thumb, 152 bytes, Stack size 24 bytes, shell_ext.o(.text.shellExtParseString))
<BR><BR>[Stack]<UL><LI>Max Depth = 40<LI>Call Chain = shellExtParseString &rArr; shellExtParseChar
</UL>
<BR>[Calls]<UL><LI><a href="#[23b]">&gt;&gt;</a>&nbsp;&nbsp;&nbsp;shellExtParseChar
</UL>
<BR>[Called By]<UL><LI><a href="#[23a]">&gt;&gt;</a>&nbsp;&nbsp;&nbsp;shellExtParsePara
</UL>

<P><STRONG><a name="[238]"></a>shellExtNumType</STRONG> (Thumb, 162 bytes, Stack size 12 bytes, shell_ext.o(.text.shellExtNumType))
<BR><BR>[Stack]<UL><LI>Max Depth = 12<LI>Call Chain = shellExtNumType
</UL>
<BR>[Called By]<UL><LI><a href="#[237]">&gt;&gt;</a>&nbsp;&nbsp;&nbsp;shellExtParseNumber
</UL>

<P><STRONG><a name="[239]"></a>shellExtToNum</STRONG> (Thumb, 118 bytes, Stack size 4 bytes, shell_ext.o(.text.shellExtToNum))
<BR><BR>[Stack]<UL><LI>Max Depth = 4<LI>Call Chain = shellExtToNum
</UL>
<BR>[Called By]<UL><LI><a href="#[237]">&gt;&gt;</a>&nbsp;&nbsp;&nbsp;shellExtParseNumber
</UL>

<P><STRONG><a name="[253]"></a>_fp_digits</STRONG> (Thumb, 366 bytes, Stack size 64 bytes, printfa.o(i._fp_digits), UNUSED)
<BR><BR>[Calls]<UL><LI><a href="#[c5]">&gt;&gt;</a>&nbsp;&nbsp;&nbsp;__aeabi_dmul
<LI><a href="#[c6]">&gt;&gt;</a>&nbsp;&nbsp;&nbsp;__aeabi_ddiv
<LI><a href="#[bf]">&gt;&gt;</a>&nbsp;&nbsp;&nbsp;__aeabi_dadd
<LI><a href="#[c7]">&gt;&gt;</a>&nbsp;&nbsp;&nbsp;__aeabi_d2ulz
<LI><a href="#[254]">&gt;&gt;</a>&nbsp;&nbsp;&nbsp;__aeabi_cdrcmple
<LI><a href="#[b9]">&gt;&gt;</a>&nbsp;&nbsp;&nbsp;__aeabi_uldivmod
</UL>
<BR>[Called By]<UL><LI><a href="#[247]">&gt;&gt;</a>&nbsp;&nbsp;&nbsp;_printf_core
</UL>

<P><STRONG><a name="[247]"></a>_printf_core</STRONG> (Thumb, 1744 bytes, Stack size 136 bytes, printfa.o(i._printf_core), UNUSED)
<BR><BR>[Calls]<UL><LI><a href="#[257]">&gt;&gt;</a>&nbsp;&nbsp;&nbsp;__aeabi_uidivmod
<LI><a href="#[255]">&gt;&gt;</a>&nbsp;&nbsp;&nbsp;_printf_pre_padding
<LI><a href="#[256]">&gt;&gt;</a>&nbsp;&nbsp;&nbsp;_printf_post_padding
<LI><a href="#[253]">&gt;&gt;</a>&nbsp;&nbsp;&nbsp;_fp_digits
<LI><a href="#[b9]">&gt;&gt;</a>&nbsp;&nbsp;&nbsp;__aeabi_uldivmod
</UL>
<BR>[Called By]<UL><LI><a href="#[246]">&gt;&gt;</a>&nbsp;&nbsp;&nbsp;__0printf
</UL>

<P><STRONG><a name="[256]"></a>_printf_post_padding</STRONG> (Thumb, 36 bytes, Stack size 24 bytes, printfa.o(i._printf_post_padding), UNUSED)
<BR><BR>[Called By]<UL><LI><a href="#[247]">&gt;&gt;</a>&nbsp;&nbsp;&nbsp;_printf_core
</UL>

<P><STRONG><a name="[255]"></a>_printf_pre_padding</STRONG> (Thumb, 46 bytes, Stack size 24 bytes, printfa.o(i._printf_pre_padding), UNUSED)
<BR><BR>[Called By]<UL><LI><a href="#[247]">&gt;&gt;</a>&nbsp;&nbsp;&nbsp;_printf_core
</UL>
<P>
<H3>
Undefined Global Symbols
</H3><HR></body></html>
