<html>
<body>
<pre>
<h1>礦ision Build Log</h1>
<h2>Tool Versions:</h2>
IDE-Version: μVision V5.42.0.0
Copyright (C) 2025 ARM Ltd and ARM Germany GmbH. All rights reserved.
License Information: 666 666, 666, LIC=FYKYW-Q3613-746S0-B0LKE-J8CHY-6VFVV
 
Tool Versions:
Toolchain:       MDK-ARM Plus  Version: 5.42.0.0
Toolchain Path:  E:\ProgramFile\MDK\Core\ARM\ARMCLANG\Bin
C Compiler:      ArmClang.exe V6.23
Assembler:       Armasm.exe V6.23
Linker/Locator:  ArmLink.exe V6.23
Library Manager: ArmAr.exe V6.23
Hex Converter:   FromElf.exe V6.23
CPU DLL:         
Dialog DLL:      
Target DLL:      STLink\ST-LINKIII-KEIL_SWO.dll V3.3.0.0
Dialog DLL:      TCM.DLL V1.56.6.0
 
<h2>Project:</h2>
C:\Users\lingyuan\Desktop\驭介智能科教外骨骼-嵌入式资料\2.例程代码\历程11 shell示例\MDK-ARM\CORE.uvprojx
Project File Date:  08/16/2026

<h2>Output:</h2>
*** Using Compiler 'V6.23', folder: 'E:\ProgramFile\MDK\Core\ARM\ARMCLANG\Bin'
Rebuild target 'CORE'
assembling startup_stm32h563xx.s...
compiling usart.c...
compiling tim.c...
compiling gpdma.c...
compiling spi.c...
compiling stm32h5xx_hal_adc.c...
compiling stm32h5xx_hal_msp.c...
compiling main.c...
compiling gpio.c...
compiling icache.c...
compiling crc.c...
compiling adc.c...
compiling fdcan.c...
compiling stm32h5xx_it.c...
compiling stm32h5xx_hal_adc_ex.c...
compiling stm32h5xx_hal_dma.c...
compiling stm32h5xx_hal_dma_ex.c...
compiling stm32h5xx_hal_rcc.c...
compiling stm32h5xx_hal_flash.c...
compiling stm32h5xx_hal_flash_ex.c...
compiling stm32h5xx_hal_rcc_ex.c...
compiling stm32h5xx_hal_gpio.c...
compiling stm32h5xx_hal_pwr.c...
compiling stm32h5xx_hal_pwr_ex.c...
compiling stm32h5xx_hal_cortex.c...
compiling stm32h5xx_hal.c...
compiling stm32h5xx_hal_exti.c...
compiling stm32h5xx_hal_crc.c...
compiling stm32h5xx_hal_crc_ex.c...
compiling stm32h5xx_hal_icache.c...
compiling stm32h5xx_hal_fdcan.c...
compiling stm32h5xx_hal_spi_ex.c...
compiling stm32h5xx_hal_spi.c...
compiling stm32h5xx_hal_uart_ex.c...
compiling system_stm32h5xx.c...
compiling stm32h5xx_hal_tim_ex.c...
compiling stm32h5xx_hal_uart.c...
compiling stm32h5xx_hal_tim.c...
compiling DRVEXO_Scheduler.c...
compiling Platform_FDCAN.c...
compiling Sys.c...
compiling Platform_GPIO.c...
compiling Platform_SPI.c...
compiling Platform_UART.c...
compiling Platform_TIM.c...
compiling Device_FDCAN.c...
compiling Device_W25N01KV.c...
compiling Decive_LPS27HHTW.c...
compiling Device_VOICE.c...
compiling Device_IO_Control.c...
compiling APP_FDCAN.c...
compiling APP_LowPower.c...
compiling APP_ISM6DSO.c...
compiling APP_LPS27HHTW.c...
compiling APP_VOICE.c...
compiling Device_ISM6DSO.c...
compiling APP_LED.c...
compiling APP_Control.c...
compiling DRVEXOAhrs.c...
compiling DRVEXO_IMU.c...
compiling DRVEXOBias.c...
compiling DRVEXOCompass.c...
compiling PID.c...
compiling User_Data.c...
compiling User_main.c...
compiling cmd.c...
compiling ring.c...
compiling shell.c...
compiling shell_ext.c...
linking...
Program Size: Code=103940 RO-data=2596 RW-data=1088 ZI-data=29280  
FromELF: creating hex file...
"CORE\CORE.axf" - 0 Error(s), 0 Warning(s).

<h2>Software Packages used:</h2>

Package Vendor: ARM
                https://www.keil.com/pack/ARM.CMSIS.6.1.0.pack
                ARM::CMSIS@6.1.0
                CMSIS (Common Microcontroller Software Interface Standard)
   * Component: CORE Version: 6.1.0

Package Vendor: Keil
                https://www.keil.com/pack/Keil.STM32H5xx_DFP.2.1.1.pack
                Keil::STM32H5xx_DFP@2.1.1
                STMicroelectronics STM32H5 Series Device Support

<h2>Collection of Component include folders:</h2>
  ./RTE/_CORE
  E:/ProgramFile/MDK/Packs/ARM/CMSIS/6.1.0/CMSIS/Core/Include

<h2>Collection of Component Files used:</h2>

   * Component: ARM::CMSIS:CORE@6.1.0
      Include file:  CMSIS/Core/Include/tz_context.h
Build Time Elapsed:  00:00:06
</pre>
</body>
</html>
