*** Using Compiler 'V6.23', folder: 'D:\keil\ARM\ARMCLANG\Bin'
Rebuild target 'CORE'
assembling startup_stm32h563xx.s...
compiling icache.c...
compiling stm32h5xx_it.c...
compiling main.c...
compiling spi.c...
compiling adc.c...
compiling gpio.c...
compiling gpdma.c...
compiling usart.c...
compiling fdcan.c...
compiling tim.c...
compiling crc.c...
compiling stm32h5xx_hal_msp.c...
compiling stm32h5xx_hal_adc.c...
compiling stm32h5xx_hal_adc_ex.c...
compiling stm32h5xx_hal_flash.c...
compiling stm32h5xx_hal_rcc.c...
compiling stm32h5xx_hal_dma.c...
compiling stm32h5xx_hal_flash_ex.c...
compiling stm32h5xx_hal_pwr.c...
compiling stm32h5xx_hal_gpio.c...
compiling stm32h5xx_hal_pwr_ex.c...
compiling stm32h5xx_hal_cortex.c...
compiling stm32h5xx_hal_dma_ex.c...
compiling stm32h5xx_hal.c...
compiling stm32h5xx_hal_rcc_ex.c...
compiling stm32h5xx_hal_exti.c...
compiling stm32h5xx_hal_crc.c...
compiling stm32h5xx_hal_crc_ex.c...
compiling stm32h5xx_hal_icache.c...
compiling stm32h5xx_hal_spi_ex.c...
compiling stm32h5xx_hal_fdcan.c...
compiling stm32h5xx_hal_uart_ex.c...
compiling stm32h5xx_hal_spi.c...
compiling system_stm32h5xx.c...
compiling stm32h5xx_hal_tim_ex.c...
compiling DRVEXO_Scheduler.c...
compiling Sys_Time.c...
compiling stm32h5xx_hal_uart.c...
compiling Sys.c...
compiling stm32h5xx_hal_tim.c...
compiling Platform_GPIO.c...
compiling Platform_FDCAN.c...
compiling PlatformSPI.c...
compiling Platform_UART.c...
compiling Platform_TIM.c...
compiling Device_FDCAN.c...
compiling Device_ZB35Q01xx.c...
compiling Device_BMP580.c...
compiling Device_QMI8658A.c...
compiling Device_VOICE.c...
compiling Device_IO_Control.c...
compiling APP_FDCAN.c...
compiling APP_LowPower.c...
compiling APP_IMU.c...
compiling APP_Baro.c...
compiling APP_VOICE.c...
compiling APP_LED.c...
compiling DRVEXOBias.c...
compiling APP_Control.c...
compiling DRVEXOAhrs.c...
compiling DRVEXO_IMU.c...
compiling DRVEXOCompass.c...
compiling PID.c...
compiling User_Data.c...
compiling User_main.c...
linking...
Program Size: Code=84044 RO-data=1240 RW-data=668 ZI-data=20132  
FromELF: creating hex file...
"CORE\CORE.axf" - 0 Error(s), 0 Warning(s).
Build Time Elapsed:  00:00:03
